

         ___________________________________________________________
        |                                                          |
        | MOCCa v2.0 =                                             |
        |                                                          |
        |  #######   ##   #    # #####   ##   #      #    #  ####  |
        |     #     #  #  ##   #   #    #  #  #      #    # #      |
        |     #    #    # # #  #   #   #    # #      #    #  ####  |
        |     #    ###### #  # #   #   ###### #      #    #      # |
        |     #    #    # #   ##   #   #    # #      #    # #    # |
        |     #    #    # #    #   #   #    # ######  ####   ####  |
        |                                                          |
        |  Copyright  P.-H. Heenen, M. Bender & W. Ryssens         |
        |                                                          |
        |----------------------------------------------------------|
        | Runtype = Single-mode                                    |
        |-------------- Version Information -----------------------|
        |                                                          |
        | "commit 634d2c9a9d313c708493670c118e4365396b2215"        |
        | "Author: Wouter Ryssens <w.ryssens@ipnl.in2p3.fr>"       |
        | "Date:   Thu Jan 28 18:13:46 2021 +0100"                 |
        |                                                          |
        |-------------- Symmetry Information ----------------------|
        |                                                          |
        | S.p. generators        = Rz,P,STy                        |
        | Axis reduction  X Y Z  =  1 1 1                          |
        | SYM_CODE               = 0 1 001 000 00 000 010 111      |
        | TRANS_CODE             = 0 1 001 000 10 000 010 111      |
        |__________________________________________________________|

         ___________________________________________________________
        | Transformation of the input                              |
        | On file:                                                 |
        |    nx, ny, nz    =    12   12   12                       |
        |    dx            =  1.0000000 (fm)                       |
        |    nwn, nwn      =      28     28                        |
        |    (n+,n-)       = (    9    9    5    5)                |
        |    (p+,p-)       = (    9    9    5    5)                |
        | This calculation:                                        |
        |    nx, ny, nz    =    12   12   12                       |
        |    dx            =  1.0000000(fm)                        |
        |    nwn, nwn      =      36     36                        |
        |    (n+,n-)       = (   11   11    7    7)                |
        |    (p+,p-)       = (   11   11    7    7)                |
        |__________________________________________________________|

------------------------------General Information ------------------------------
 Mesh parameters
   nx =    12 ny =    12 nz =    12 mv =  1728
   dx =         1.0000000000 (fm  ) 
   dv =  8.00 (fm^3) 
 Nucleus
    N =    8.00000  Z =    8.00000
 Wavefunctions
  nwt =    72
  nwn =    36
  nwp =    36
 Inverse temperature Beta =   -1.000000000
 IO information
  inputfilename  =tant.O16.T.wf                   
  outputfilename =tant.O16.T.extra.wf             
  Checkpointiter =         0
  Filename for other output (not written if empty): 
    BXL output     =                                         
    DEN file       =                                         
    POT file       =                                         
    SPHF file      =                                         
    SPCAN file     =                                         
 Convergence required
  Energy convergence           <  0.1E-10
  Multipole moment convergence <  0.1E-04
  Dispersion convergence       <  0.1E-04
--------------------------------------------------------------------------------
 Evolution strategy: HEAVYBALL           
   Estimate (dt,mu)  : YES
--------------------------------------------------------------------------------
 SCF iteration strategy: 
       Potential preconditioning
   Preconfactor=  1.0000
--------------------------------------------------------------------------------
 Pairing treatment: Hartree-Fock-Bogoliubov (HFB)                               
   Fermi-solver: BRENT                                                                                              
   Linear mixing of (rho,kappa)
   HFBmix = 1.000
   Cutoff parameters  =      Symmetric Fermi
     dE (n,p) =  5.00 5.00 MeV 
     mu (n,p) =  0.50 0.50 MeV 
   Gas-treatment:  Normal
----------------------------- Cranking information -----------------------------
 Cranking frequencies 
    Omega_X =           0.000
    Omega_Y =           0.000
    Omega_Z =           0.000
--------------------------------------------------------------------------------
 Parameterization name     SLy5s1              
 Functional name           NLO.FUNC            
 - - - - - - - - - - -
 Parameters
    t0   -2558.057
    x0       0.530
    t1     419.917
    x1      -0.082
    t2    -476.597
    x2      -0.973
    t3   14629.881
    x3       0.785
   wso     115.480
  wsoq     115.480
 sigma       0.167
   CT0      -2.330
   CT1     -56.032
 CSDS0      29.952
 CSDS1      12.237
    Vn   -1250.000
    Vp   -1250.000
 alpha       1.000
sigmap       1.000
 - - - - - - - - - - -
 Coulomb Treatment =  1
   Direct and exchange included.
   Discretisation of laplacian:   5-point stencil.
   Protonsize  =    0.000   0.000
   Neutronsize =    0.000   0.000
 - - - - - - - - - - -
 Center-of-mass options
   One-body: self-consistent
   Two-body: not included
 - - - - - - - - - - -
 Rotational correction 
    Not included.
 - - - - - - - - - - -
 Elementary Constants
 e^2            =  1.43996446 (sqrt(MeV fm)) 
 hbar^2/(2*mn)  = 20.73553000 (MeV fm^2)
 hbar^2/(2*mp)  = 20.73553000 (MeV fm^2)
 - - - - - - - - - - -
 Skyrme coupling constants 
     __________________________________________________________
                                      Isospin representation
                                      C_0            C_1    
     __________________________________________________________
                 B_D_I_I_D_I_I   -1617.762874    1316.982639
              B_D_I_I_D_I_I_DD    1697.379619   -1566.024005
               B_D_I_Sm_D_I_Sm    -338.734134     639.514370
            B_D_I_Sm_D_I_Sm_DD     478.222797    -609.578411
               B_D_I_I_D_Nm_Nm      39.532429      12.497083
             B_D_I_I_Lap_D_I_I     -90.806959      47.035601
           B_C_I_NmSk_C_I_NmSk     -53.702353     112.064164
               B_C_I_Nm_C_I_Nm     -39.532429     -12.497083
           B_D_I_Sm_Lap_D_I_Sm      17.714723      24.473560
            B_D_I_Sm_D_Nk_NkSm      53.702353    -112.064164
       B_D_I_I_Derm_C_I_NxmSxm     -57.740093     -57.740093
        B_C_I_Nm_Derxm_D_I_Sxm     -57.740093     -57.740093
     __________________________________________________________
                                      BFH representation 
                                      C_0            C_q    
                 B_D_I_I_D_I_I    -959.271555     658.491319
              B_D_I_I_D_I_I_DD     914.367616    -783.012003
               B_D_I_Sm_D_I_Sm     -18.976949     319.757185
            B_D_I_Sm_D_I_Sm_DD     173.433592    -304.789205
               B_D_I_I_D_Nm_Nm      45.780970       6.248541
             B_D_I_I_Lap_D_I_I     -67.289159      23.517801
           B_C_I_NmSk_C_I_NmSk       2.329729      56.032082
               B_C_I_Nm_C_I_Nm     -45.780970      -6.248541
           B_D_I_Sm_Lap_D_I_Sm      29.951503      12.236780
            B_D_I_Sm_D_Nk_NkSm      -2.329729     -56.032082
       B_D_I_I_Derm_C_I_NxmSxm     -86.610140     -28.870047
        B_C_I_Nm_Derxm_D_I_Sxm     -86.610140     -28.870047
     __________________________________________________________
                                      Pairing terms 
                                      neutron        proton 
               B_DP_I_I_DP_I_I    -312.500000    -312.500000
               B_CP_I_I_CP_I_I    -312.500000    -312.500000
     __________________________________________________________
 Blocked
--------------------- Sp wavefunctions -----------------------------------------
________________________________________________________________________________
   Neutron wavefunctions
  i    P   Rz   occ       E        d2h    Delta   JxT    JyT    Jz     J
--------------------- Sp wavefunctions -----------------------------------------
 12  1.0 -1.0  1.0000   -35.373  0.0E+00   0.00   0.50   0.50  -0.50   0.50
  1  1.0  1.0  1.0000   -35.373  0.0E+00   0.00  -0.50   0.50   0.50   0.50
 31 -1.0 -1.0  1.0000   -20.456  0.0E+00   0.00   1.17   0.81  -0.48   1.50
 24 -1.0  1.0  1.0000   -20.456  0.0E+00   0.00  -1.17   0.81   0.48   1.50
 30 -1.0 -1.0  1.0000   -20.456  0.0E+00   0.00  -0.17   0.19   1.48   1.50
 23 -1.0  1.0  1.0000   -20.456  0.0E+00   0.00   0.17   0.19  -1.48   1.50
 32 -1.0 -1.0  1.0000   -14.582  0.0E+00   0.00  -0.50  -0.50  -0.50   0.50
 25 -1.0  1.0  1.0000   -14.582  0.0E+00   0.00   0.50  -0.50   0.50   0.50
 15  1.0 -1.0  0.0000    -6.855  0.0E+00   0.00  -0.99  -1.05   0.31   2.50
  4  1.0  1.0  0.0000    -6.855  0.0E+00   0.00   0.99  -1.05  -0.31   2.50
 14  1.0 -1.0  0.0000    -6.849  0.0E+00   0.00   0.99   1.06  -1.31   2.50
  3  1.0  1.0  0.0000    -6.849  0.0E+00   0.00  -0.99   1.06   1.31   2.50
 13  1.0 -1.0  0.0000    -6.849  0.0E+00   0.00   1.51   1.49  -0.50   2.50
  2  1.0  1.0  0.0000    -6.849  0.0E+00   0.00  -1.51   1.49   0.50   2.50
 16  1.0 -1.0  0.0000    -3.945  0.0E+00   0.00   0.50   0.50  -0.50   0.50
  5  1.0  1.0  0.0000    -3.945  0.0E+00   0.00  -0.50   0.50   0.50   0.50
 17  1.0 -1.0  0.0000     0.057  0.0E+00   0.00   0.50  -0.99   0.98   1.51
  6  1.0  1.0  0.0000     0.057  0.0E+00   0.00  -0.50  -0.99  -0.98   1.51
 18  1.0 -1.0  0.0000     0.057  0.0E+00   0.00  -1.48   0.01  -0.00   1.51
  7  1.0  1.0  0.0000     0.057  0.0E+00   0.00   1.48   0.01   0.00   1.51
 26 -1.0  1.0  0.0000     1.946  0.0E+00   0.00   0.57  -0.54   0.58   2.27
 33 -1.0 -1.0  0.0000     1.946  0.0E+00   0.00  -0.57  -0.54  -0.58   2.27
 19  1.0 -1.0  0.0000     2.246  0.0E+00   0.00   0.59  -0.61  -0.55   2.60
  8  1.0  1.0  0.0000     2.246  0.0E+00   0.00  -0.59  -0.61   0.55   2.60
 34 -1.0 -1.0  0.0000     9.620  0.0E+00   0.00  -0.15  -0.11   0.15   5.99
 27 -1.0  1.0  0.0000     9.620  0.0E+00   0.00   0.15  -0.11  -0.15   5.99
  9  1.0  1.0  0.0000    10.573  0.0E+00   0.00   0.38  -0.19  -0.53   6.33
 20  1.0 -1.0  0.0000    10.573  0.0E+00   0.00  -0.38  -0.19   0.53   6.33
 10  1.0  1.0  0.0000  1000.000  0.0E+00   0.00   0.46  -0.16  -0.26  25.99
 11  1.0  1.0  0.0000  1000.000  0.0E+00   0.00  -0.06   0.20  -0.11  28.55
 21  1.0 -1.0  0.0000  1000.000  0.0E+00   0.00   0.21   0.28   0.33  17.15
 22  1.0 -1.0  0.0000  1000.000  0.0E+00   0.00  -0.07   0.23   0.51  28.73
 28 -1.0  1.0  0.0000  1000.000  0.0E+00   0.00   0.26   0.46   0.17  25.66
 29 -1.0  1.0  0.0000  1000.000  0.0E+00   0.00   0.08   0.24  -0.10  28.24
 35 -1.0 -1.0  0.0000  1000.000  0.0E+00   0.00  -0.35   0.54   0.24  16.91
 36 -1.0 -1.0  0.0000  1000.000  0.0E+00   0.00  -0.04   0.10  -0.56  28.31
________________________________________________________________________________
   Proton  wavefunctions
  i    P   Rz   occ       E        d2h    Delta   JxT    JyT    Jz     J
--------------------- Sp wavefunctions -----------------------------------------
 37  1.0  1.0  1.0000   -31.608  0.0E+00   0.00  -0.50   0.50   0.50   0.50
 48  1.0 -1.0  1.0000   -31.608  0.0E+00   0.00   0.50   0.50  -0.50   0.50
 60 -1.0  1.0  1.0000   -16.968  0.0E+00   0.00  -1.17   0.81   0.48   1.50
 67 -1.0 -1.0  1.0000   -16.968  0.0E+00   0.00   1.17   0.81  -0.48   1.50
 59 -1.0  1.0  1.0000   -16.968  0.0E+00   0.00   0.17   0.19  -1.48   1.50
 66 -1.0 -1.0  1.0000   -16.968  0.0E+00   0.00  -0.17   0.19   1.48   1.50
 61 -1.0  1.0  1.0000   -11.218  0.0E+00   0.00   0.50  -0.50   0.50   0.50
 68 -1.0 -1.0  1.0000   -11.218  0.0E+00   0.00  -0.50  -0.50  -0.50   0.50
 51  1.0 -1.0  0.0000    -3.641  0.0E+00   0.00  -0.99  -1.05   0.31   2.50
 40  1.0  1.0  0.0000    -3.641  0.0E+00   0.00   0.99  -1.05  -0.31   2.50
 50  1.0 -1.0  0.0000    -3.636  0.0E+00   0.00   0.99   1.06  -1.31   2.50
 39  1.0  1.0  0.0000    -3.636  0.0E+00   0.00  -0.99   1.06   1.31   2.50
 49  1.0 -1.0  0.0000    -3.635  0.0E+00   0.00   1.51   1.49  -0.50   2.50
 38  1.0  1.0  0.0000    -3.635  0.0E+00   0.00  -1.51   1.49   0.50   2.50
 52  1.0 -1.0  0.0000    -0.993  0.0E+00   0.00   0.50   0.50  -0.50   0.50
 41  1.0  1.0  0.0000    -0.993  0.0E+00   0.00  -0.50   0.50   0.50   0.50
 42  1.0  1.0  0.0000     2.194  0.0E+00   0.00  -0.51  -0.59  -0.58   1.72
 53  1.0 -1.0  0.0000     2.194  0.0E+00   0.00   0.51  -0.59   0.58   1.72
 54  1.0 -1.0  0.0000     2.194  0.0E+00   0.00  -0.95   0.14  -0.14   1.72
 43  1.0  1.0  0.0000     2.194  0.0E+00   0.00   0.95   0.14   0.14   1.72
 62 -1.0  1.0  0.0000     3.037  0.0E+00   0.00   0.58  -0.54   0.56   2.32
 69 -1.0 -1.0  0.0000     3.037  0.0E+00   0.00  -0.58  -0.54  -0.56   2.32
 55  1.0 -1.0  0.0000     4.135  0.0E+00   0.00   0.24  -0.50  -0.25   3.05
 44  1.0  1.0  0.0000     4.135  0.0E+00   0.00  -0.24  -0.50   0.25   3.05
 45  1.0  1.0  0.0000    11.186  0.0E+00   0.00   0.12  -0.09   0.64   6.98
 56  1.0 -1.0  0.0000    11.186  0.0E+00   0.00  -0.12  -0.09  -0.64   6.98
 70 -1.0 -1.0  0.0000    11.572  0.0E+00   0.00  -0.28  -0.03  -0.44   6.30
 63 -1.0  1.0  0.0000    11.572  0.0E+00   0.00   0.28  -0.03   0.44   6.30
 46  1.0  1.0  0.0000  1000.000  0.0E+00   0.00  -0.03   0.14   0.06  25.75
 47  1.0  1.0  0.0000  1000.000  0.0E+00   0.00   0.35   0.07   0.38  28.20
 57  1.0 -1.0  0.0000  1000.000  0.0E+00   0.00  -0.15   0.32   0.56  19.64
 58  1.0 -1.0  0.0000  1000.000  0.0E+00   0.00  -0.10  -0.31   0.10  28.59
 64 -1.0  1.0  0.0000  1000.000  0.0E+00   0.00  -0.42   0.23   0.03  25.35
 65 -1.0  1.0  0.0000  1000.000  0.0E+00   0.00   0.28  -0.22  -0.06  28.01
 71 -1.0 -1.0  0.0000  1000.000  0.0E+00   0.00  -0.33   0.44   0.33  16.41
 72 -1.0 -1.0  0.0000  1000.000  0.0E+00   0.00  -0.04   0.31   0.71  28.84
--------------------------------------------------------------------------------
--------------------- Canonical basis  -----------------------------------------
________________________________________________________________________________
   Neutron wavefunctions
  i    P   Rz   occ       E        d2h    Delta   JxT    JyT    Jz     J
 22  1.0 -1.0  1.0000   -35.373  0.0E+00   0.00   0.50   0.50  -0.50   0.50
 11  1.0  1.0  1.0000   -35.373  0.0E+00   0.00  -0.50   0.50   0.50   0.50
 28 -1.0  1.0  1.0000   -20.453  0.0E+00   0.00   0.47   0.78  -1.19   1.50
 34 -1.0 -1.0  1.0000   -20.450  0.0E+00   0.00   1.49  -0.10   0.11   1.50
 27 -1.0  1.0  1.0000   -20.427  0.0E+00   0.00  -1.46   0.21   0.19   1.50
 35 -1.0 -1.0  1.0000   -18.482  0.0E+00   0.00  -0.50   0.54   0.45   1.23
 36 -1.0 -1.0  1.0000   -16.561  0.0E+00   0.00  -0.49   0.06  -0.06   0.92
 29 -1.0  1.0  1.0000   -14.612  0.0E+00   0.00   0.49  -0.49   0.50   0.51
 21  1.0 -1.0  0.0000    -6.854  0.0E+00   0.00  -1.11  -1.04  -1.05   2.50
  2  1.0  1.0  0.0000    -6.853  0.0E+00   0.00   1.44   0.44   0.05   2.50
 20  1.0 -1.0  0.0000    -6.850  0.0E+00   0.00   2.13   0.20  -0.04   2.50
 10  1.0  1.0  0.0000    -6.850  0.0E+00   0.00  -1.66   0.63   0.49   2.50
 19  1.0 -1.0  0.0000    -6.849  0.0E+00   0.00   0.48   2.33  -0.41   2.50
  3  1.0  1.0  0.0000    -5.709  0.0E+00   0.00  -0.98   0.46   0.78   1.92
  4  1.0  1.0  0.0000    -5.086  0.0E+00   0.00  -0.81   0.47   0.68   1.54
 18  1.0 -1.0  0.0000    -3.944  0.0E+00   0.00   0.50   0.50  -0.50   0.50
  1  1.0  1.0  0.0000     0.057  0.0E+00   0.00   1.48   0.01   0.00   1.51
 13  1.0 -1.0  0.0000     0.061  0.0E+00   0.00  -1.25   0.44   0.65   1.51
  5  1.0  1.0  0.0000     0.067  0.0E+00   0.00  -0.50  -1.00  -0.99   1.51
 17  1.0 -1.0  0.0000     0.073  0.0E+00   0.00   0.29  -1.39   0.32   1.52
 26 -1.0  1.0  0.0000     1.946  0.0E+00   0.00   0.57  -0.54   0.58   2.27
 33 -1.0 -1.0  0.0000     1.946  0.0E+00   0.00  -0.57  -0.54  -0.58   2.27
 12  1.0 -1.0  0.0000     2.227  0.0E+00   0.00   0.56  -0.63  -0.54   2.58
  9  1.0  1.0  0.0000     2.237  0.0E+00   0.00  -0.59  -0.60   0.56   2.59
 30 -1.0 -1.0  0.0000     9.620  0.0E+00   0.00  -0.15  -0.11   0.15   5.99
 23 -1.0  1.0  0.0000     9.620  0.0E+00   0.00   0.15  -0.11  -0.15   5.99
  6  1.0  1.0  0.0000    10.573  0.0E+00   0.00   0.38  -0.19  -0.53   6.33
 14  1.0 -1.0  0.0000    10.573  0.0E+00   0.00  -0.38  -0.19   0.53   6.33
  7  1.0  1.0  0.0000  1000.000  0.0E+00   0.00   0.46  -0.16  -0.26  25.99
  8  1.0  1.0  0.0000  1000.000  0.0E+00   0.00  -0.06   0.20  -0.11  28.55
 15  1.0 -1.0  0.0000  1000.000  0.0E+00   0.00   0.21   0.28   0.33  17.15
 16  1.0 -1.0  0.0000  1000.000  0.0E+00   0.00  -0.07   0.23   0.51  28.73
 24 -1.0  1.0  0.0000  1000.000  0.0E+00   0.00   0.26   0.46   0.17  25.66
 25 -1.0  1.0  0.0000  1000.000  0.0E+00   0.00   0.08   0.24  -0.10  28.24
 31 -1.0 -1.0  0.0000  1000.000  0.0E+00   0.00  -0.35   0.54   0.24  16.91
 32 -1.0 -1.0  0.0000  1000.000  0.0E+00   0.00  -0.04   0.10  -0.56  28.31
________________________________________________________________________________
   Proton  wavefunctions
  i    P   Rz   occ       E        d2h    Delta   JxT    JyT    Jz     J
--------------------- Sp wavefunctions -----------------------------------------
 47  1.0  1.0  1.0000   -31.608  0.0E+00   0.00  -0.50   0.50   0.50   0.50
 58  1.0 -1.0  1.0000   -31.608  0.0E+00   0.00   0.50   0.50  -0.50   0.50
 71 -1.0 -1.0  1.0000   -16.448  0.0E+00   0.00  -0.26   0.21   1.28   1.43
 63 -1.0  1.0  1.0000   -16.365  0.0E+00   0.00   0.03   1.29   0.07   1.42
 70 -1.0 -1.0  1.0000   -15.227  0.0E+00   0.00   0.47   0.61  -0.50   1.26
 64 -1.0  1.0  1.0000   -14.915  0.0E+00   0.00  -0.13  -0.41  -0.71   1.21
 65 -1.0  1.0  1.0000   -13.875  0.0E+00   0.00  -0.40  -0.38   0.13   1.04
 72 -1.0 -1.0  1.0000   -13.480  0.0E+00   0.00   0.29  -0.32  -0.28   0.98
 57  1.0 -1.0  0.0000    -3.639  0.0E+00   0.00   0.74  -0.28   1.41   2.50
 53  1.0 -1.0  0.0000    -3.636  0.0E+00   0.00  -0.26  -0.13  -2.36   2.50
 43  1.0  1.0  0.0000    -3.636  0.0E+00   0.00   0.26  -0.13   2.36   2.50
 38  1.0  1.0  0.0000    -3.636  0.0E+00   0.00  -0.31   2.42   0.24   2.50
 37  1.0  1.0  0.0000    -3.415  0.0E+00   0.00  -1.36  -0.76  -1.06   2.47
 54  1.0 -1.0  0.0000    -2.720  0.0E+00   0.00   0.72   1.64  -0.48   2.39
 48  1.0 -1.0  0.0000    -0.935  0.0E+00   0.00   0.50   0.48  -0.48   0.54
 44  1.0  1.0  0.0000    -0.852  0.0E+00   0.00  -0.49   0.46   0.47   0.62
 56  1.0 -1.0  0.0000     1.279  0.0E+00   0.00  -0.65   0.42  -0.20   1.86
 39  1.0  1.0  0.0000     1.970  0.0E+00   0.00   0.86   0.11   0.09   1.76
 55  1.0 -1.0  0.0000     2.146  0.0E+00   0.00   0.51  -0.57   0.56   1.71
 46  1.0  1.0  0.0000     2.149  0.0E+00   0.00  -0.51  -0.57  -0.55   1.71
 62 -1.0  1.0  0.0000     3.037  0.0E+00   0.00   0.58  -0.54   0.56   2.32
 69 -1.0 -1.0  0.0000     3.037  0.0E+00   0.00  -0.58  -0.54  -0.56   2.32
 45  1.0  1.0  0.0000     4.037  0.0E+00   0.00  -0.25  -0.48   0.25   3.02
 49  1.0 -1.0  0.0000     4.123  0.0E+00   0.00   0.24  -0.50  -0.25   3.05
 52  1.0 -1.0  0.0000    11.186  0.0E+00   0.00  -0.12  -0.09  -0.64   6.98
 42  1.0  1.0  0.0000    11.186  0.0E+00   0.00   0.12  -0.09   0.64   6.98
 66 -1.0 -1.0  0.0000    11.572  0.0E+00   0.00  -0.28  -0.03  -0.44   6.30
 59 -1.0  1.0  0.0000    11.572  0.0E+00   0.00   0.28  -0.03   0.44   6.30
 40  1.0  1.0  0.0000  1000.000  0.0E+00   0.00  -0.03   0.14   0.06  25.75
 41  1.0  1.0  0.0000  1000.000  0.0E+00   0.00   0.35   0.07   0.38  28.20
 50  1.0 -1.0  0.0000  1000.000  0.0E+00   0.00  -0.15   0.32   0.56  19.64
 51  1.0 -1.0  0.0000  1000.000  0.0E+00   0.00  -0.10  -0.31   0.10  28.59
 60 -1.0  1.0  0.0000  1000.000  0.0E+00   0.00  -0.42   0.23   0.03  25.35
 61 -1.0  1.0  0.0000  1000.000  0.0E+00   0.00   0.28  -0.22  -0.06  28.01
 67 -1.0 -1.0  0.0000  1000.000  0.0E+00   0.00  -0.33   0.44   0.33  16.41
 68 -1.0 -1.0  0.0000  1000.000  0.0E+00   0.00  -0.04   0.31   0.71  28.84
--------------------------------------------------------------------------------
---------------------------------Quasiparticles---------------------------------
Block 1:  P=+1  neutrons
  N      Eqp     f_n
________________________________________________________________________________
  1  -1011.52    0.00E+00
  2  -1011.52    0.00E+00
  3    -23.86    0.00E+00
  4    -22.09    0.00E+00
  5    -13.76    0.00E+00
  6    -11.58    0.00E+00
  7    -11.58    0.00E+00
  8     -7.57    0.00E+00
  9     -4.67    0.00E+00
 10     -4.67    0.00E+00
 11     -4.66    0.00E+00
 12  -1011.52    0.00E+00
 13  -1011.52    0.00E+00
 14    -23.86    0.00E+00
 15    -22.09    0.00E+00
 16    -13.76    0.00E+00
 17    -11.58    0.00E+00
 18    -11.58    0.00E+00
 19     -7.57    0.00E+00
 20     -4.67    0.00E+00
 21     -4.67    0.00E+00
 22     -4.66    0.00E+00
 23      4.66    1.00E+00
 24      4.67    1.00E+00
 25      4.67    1.00E+00
 26      7.57    1.00E+00
 27     11.58    1.00E+00
 28     11.58    1.00E+00
 29     13.76    1.00E+00
 30     22.09    1.00E+00
 31     23.86    1.00E+00
 32   1011.52    1.00E+00
 33   1011.52    1.00E+00
 34      4.66    1.00E+00
 35      4.67    1.00E+00
 36      4.67    1.00E+00
 37      7.57    1.00E+00
 38     11.58    1.00E+00
 39     11.58    1.00E+00
 40     13.76    1.00E+00
 41     22.09    1.00E+00
 42     23.86    1.00E+00
 43   1011.52    1.00E+00
 44   1011.52    1.00E+00

Block 3:  P=-1  neutrons
  N      Eqp     f_n
________________________________________________________________________________
  1  -1011.52    0.00E+00
  2  -1011.52    0.00E+00
  3    -21.14    0.00E+00
  4    -13.46    0.00E+00
  5     -8.94    0.00E+00
  6     -8.94    0.00E+00
  7     -3.06    0.00E+00
  8  -1011.52    0.00E+00
  9  -1011.52    0.00E+00
 10    -21.14    0.00E+00
 11    -13.46    0.00E+00
 12     -8.94    0.00E+00
 13     -8.94    0.00E+00
 14     -3.06    0.00E+00
 15      3.06    1.00E+00
 16      8.94    1.00E+00
 17      8.94    1.00E+00
 18     13.46    1.00E+00
 19     21.14    1.00E+00
 20   1011.52    1.00E+00
 21   1011.52    1.00E+00
 22      3.06    1.00E+00
 23      8.94    1.00E+00
 24      8.94    1.00E+00
 25     13.46    1.00E+00
 26     21.14    1.00E+00
 27   1011.52    1.00E+00
 28   1011.52    1.00E+00

Block 5:  P=+1   protons
  N      Eqp     f_n
________________________________________________________________________________
  1  -1008.23    0.00E+00
  2  -1008.23    0.00E+00
  3    -23.38    0.00E+00
  4    -19.41    0.00E+00
  5    -12.36    0.00E+00
  6    -10.42    0.00E+00
  7    -10.42    0.00E+00
  8     -7.23    0.00E+00
  9     -4.59    0.00E+00
 10     -4.59    0.00E+00
 11     -4.59    0.00E+00
 12  -1008.23    0.00E+00
 13  -1008.23    0.00E+00
 14    -23.38    0.00E+00
 15    -19.41    0.00E+00
 16    -12.36    0.00E+00
 17    -10.42    0.00E+00
 18    -10.42    0.00E+00
 19     -7.23    0.00E+00
 20     -4.59    0.00E+00
 21     -4.59    0.00E+00
 22     -4.59    0.00E+00
 23      4.59    1.00E+00
 24      4.59    1.00E+00
 25      4.59    1.00E+00
 26      7.23    1.00E+00
 27     10.42    1.00E+00
 28     10.42    1.00E+00
 29     12.36    1.00E+00
 30     19.41    1.00E+00
 31     23.38    1.00E+00
 32   1008.23    1.00E+00
 33   1008.23    1.00E+00
 34      4.59    1.00E+00
 35      4.59    1.00E+00
 36      4.59    1.00E+00
 37      7.23    1.00E+00
 38     10.42    1.00E+00
 39     10.42    1.00E+00
 40     12.36    1.00E+00
 41     19.41    1.00E+00
 42     23.38    1.00E+00
 43   1008.23    1.00E+00
 44   1008.23    1.00E+00

Block 7:  P=-1   protons
  N      Eqp     f_n
________________________________________________________________________________
  1  -1008.23    0.00E+00
  2  -1008.23    0.00E+00
  3    -19.80    0.00E+00
  4    -11.26    0.00E+00
  5     -8.74    0.00E+00
  6     -8.74    0.00E+00
  7     -2.99    0.00E+00
  8  -1008.23    0.00E+00
  9  -1008.23    0.00E+00
 10    -19.80    0.00E+00
 11    -11.26    0.00E+00
 12     -8.74    0.00E+00
 13     -8.74    0.00E+00
 14     -2.99    0.00E+00
 15      2.99    1.00E+00
 16      8.74    1.00E+00
 17      8.74    1.00E+00
 18     11.26    1.00E+00
 19     19.80    1.00E+00
 20   1008.23    1.00E+00
 21   1008.23    1.00E+00
 22      2.99    1.00E+00
 23      8.74    1.00E+00
 24      8.74    1.00E+00
 25     11.26    1.00E+00
 26     19.80    1.00E+00
 27   1008.23    1.00E+00
 28   1008.23    1.00E+00

--------------------------------------------------------------------------------
---------------- Electric Multipole Moments -----------------
Quantisation Axis             : Z
  With secondary axis ordering: X,Y
______________________________________________________________
                     Neutrons        Protons         Total
______________________________________________________________
 Particles            8.0000          8.0000         16.0000

Re  Q_{ 2 0}          0.0000          0.0000          0.0000
Re  Q_{ 2 2}          0.0000          0.0000          0.0000

Re  Q_{ 4 0}         -0.0710         -0.0742         -0.1452
Re  Q_{ 4 2}          0.0000          0.0000          0.0000
Re  Q_{ 4 4}         -0.0424         -0.0443         -0.0868

Re  Q_{ 6 0}         -0.3030         -0.2963         -0.5992
Re  Q_{ 6 2}          0.0000          0.0000          0.0000
Re  Q_{ 6 4}          0.5668          0.5543          1.1211
Re  Q_{ 6 6}          0.0000          0.0000          0.0000

Re  Q_{ 8 0}         22.2117         22.2625         44.4742
Re  Q_{ 8 2}         -0.0000         -0.0000         -0.0000
Re  Q_{ 8 4}          8.3527          8.3718         16.7245
Re  Q_{ 8 6}         -0.0000         -0.0000         -0.0000
Re  Q_{ 8 8}         12.7264         12.7555         25.4819

Re  Q_{10 0}        505.7348        461.4251        967.1599
Re  Q_{10 2}         -0.0004         -0.0005         -0.0010
Re  Q_{10 4}       -509.6124       -464.9605       -974.5729
Re  Q_{10 6}         -0.0011         -0.0006         -0.0018
Re  Q_{10 8}       -606.5594       -553.4151      -1159.9744
Re  Q_{1010}         -0.0009         -0.0009         -0.0018

 RMS radius           2.6387          2.6641          2.6514
______________________________________________________________
                     Neutrons        Protons         Total
______________________________________________________________

Beta_{ 2 0}       0.00000000      0.00000000      0.00000000
Beta_{ 2 2}       0.00000000      0.00000000      0.00000000

Beta_{ 4 0}      -0.00022243     -0.00023229     -0.00045472
Beta_{ 4 2}       0.00000000      0.00000000      0.00000000
Beta_{ 4 4}      -0.00013293     -0.00013882     -0.00027175

Beta_{ 6 0}      -0.00010376     -0.00010147     -0.00020523
Beta_{ 6 2}       0.00000000      0.00000000      0.00000000
Beta_{ 6 4}       0.00019411      0.00018984      0.00038395
Beta_{ 6 6}       0.00000000      0.00000000      0.00000000

Beta_{ 8 0}       0.00083198      0.00083389      0.00166587
Beta_{ 8 2}      -0.00000000     -0.00000000     -0.00000000
Beta_{ 8 4}       0.00031287      0.00031358      0.00062645
Beta_{ 8 6}      -0.00000000     -0.00000000     -0.00000000
Beta_{ 8 8}       0.00047669      0.00047778      0.00095447

Beta_{10 0}       0.00207179      0.00189027      0.00396206
Beta_{10 2}      -0.00000000     -0.00000000     -0.00000000
Beta_{10 4}      -0.00208767     -0.00190475     -0.00399243
Beta_{10 6}      -0.00000000     -0.00000000     -0.00000001
Beta_{10 8}      -0.00248483     -0.00226712     -0.00475194
Beta_{1010}      -0.00000000     -0.00000000     -0.00000001

______________________________________________________________
                     Neutrons        Protons         Total
______________________________________________________________
Q_{ 2}                0.0000          0.0000          0.0000
Q_{ 4}                0.0930          0.0971          0.1901
Q_{ 6}                0.8569          0.8380          1.6949
Q_{ 8}               30.9325         31.0033         61.9357
Q_{10}             1229.2298       1121.5285       2350.7583
______________________________________________________________
                     Neutrons        Protons         Total
______________________________________________________________
Beta_{   2}       0.00000000      0.00000000      0.00000000
Beta_{   4}       0.00029123      0.00030413      0.00059537
Beta_{   6}       0.00029347      0.00028701      0.00058048
Beta_{   8}       0.00115863      0.00116129      0.00231992
Beta_{  10}       0.00503566      0.00459445      0.00963010
______________________________________________________________
 Cart. Moments X              Y              Z
 Cart. N        0.0000000     -0.0000001      0.0000000
 Cart. P        0.0000000     -0.0000001      0.0000000
 Cart. T        0.0000000     -0.0000001      0.0000001
 (Q, gamma)    Q              Gamma
 (Q,g) N        0.0000001     41.2963514
 (Q,g) P        0.0000001     44.3337036
 (Q,g) T        0.0000001     42.8438471
 (iq1, iq2)    iq1            iq2
 iq    N        0.0000000      0.0000000
 iq    P        0.0000000      0.0000000
 iq    T        0.0000000      0.0000001
               X^2            Y^2            Z^2
 X^2_i N       18.5670751     18.5670751     18.5670751
 X^2_i P       18.9270134     18.9270134     18.9270134
 X^2_i T       37.4940886     37.4940885     37.4940886
------------------------------------------------------------
---------------------Rotational properties--------------------
                Rigid rotor          (hbar^2/MeV)
              n              p              t 
 I_R X       0.8954237      0.9127822      1.8082060
 I_R Y       0.8954237      0.9127823      1.8082060
 I_R Z       0.8954237      0.9127822      1.8082060

                Belyaev                 (hbar^2/MeV) 
              n              p              t 
 I_B X       0.0000000      0.0000000      0.0000000
 I_B Y       0.0000000      0.0000000      0.0000000
 I_B Z       0.0000000      0.0000000      0.0000000

                Belyaev (collective)    (hbar^2/MeV) 
              n              p              t 
 I_B X       0.0000000      0.0000000      0.0000000
 I_B Y       0.0000000      0.0000000      0.0000000
 I_B Z       0.0000000      0.0000000      0.0000000

                 <J^2> - <J>^2          (hbar^2)
              n              p              t 
 J2_X        0.0000000      0.0000000      0.0000000
 J2_Y        0.0000000      0.0000000      0.0000000
 J2_Z        0.0000000      0.0000000      0.0000000
 J2_t        0.0000000      0.0000000      0.0000000

                 <J^2> - <J>^2 (coll.)  (hbar^2)
              n              p              t 
 J2_X        0.0000000      0.0000000      0.0000000
 J2_Y        0.0000000      0.0000000      0.0000000
 J2_Z        0.0000000      0.0000000      0.0000000
 J2_t        0.0000000      0.0000000      0.0000000
------------------------- Angular Momentum (hbar) --------------------------

               Spwfs(*)    Desired     Omega       E (MeV)      Densit. 
  __________________________________________________________________________
   J_x   |     0.00000     0.00000     0.00000    -0.00000     0.00000
   J_y   |     0.00000     0.00000     0.00000    -0.00000     0.00000
   J_z   |     0.00000     0.00000     0.00000    -0.00000     0.00000
  __________________________________________________________________________
   Size  |     0.00000     0.00000     0.00000                 0.00000
  --------------------------------------------------------------------------
-------------------------- Pairing -------------------------
                          N         P 
 Fermi Level (MeV)    -11.51793916    -8.22728536
 Particles              8.00000000     8.00000000
 Dispersion            -0.00000000    -0.00000000
 Average gap   v^2      0.00000000     0.00000000
 Average gap   uv       0.00000000     0.00000000

 HFB convergence:   (N,+)    (N,-)    (P,+)    (P,-)
  r^2-r+k*k^T    =  9.16E-16 1.62E-15 4.97E-16 1.47E-15
  r*k-k*r        =  3.77E-16 5.64E-16 1.34E-16 7.09E-16
 overlap rho,kap =  1.00E+00 0.00E+00
------------------------------------------------------------
--------------------------------------------------------------------------------
 Skyrme Energy 
                                    Isoscalar      Isovector   |   Total
--------------------------------------------------------------------------------
                 E_D_I_I_D_I_I   -1373.219732       0.082624   -1373.137107
              E_D_I_I_D_I_I_DD     905.758161      -0.069003     905.689158
               E_D_I_Sm_D_I_Sm      -0.000000       0.000000       0.000000
            E_D_I_Sm_D_I_Sm_DD       0.000000      -0.000000       0.000000
               E_D_I_I_D_Nm_Nm      42.099250       0.000738      42.099988
             E_D_I_I_Lap_D_I_I      55.580942      -0.004640      55.576302
           E_C_I_NmSk_C_I_NmSk       0.000668       0.000007       0.000675
               E_C_I_Nm_C_I_Nm      -0.000000      -0.000000      -0.000000
           E_D_I_Sm_Lap_D_I_Sm      -0.000000      -0.000000      -0.000000
            E_D_I_Sm_D_Nk_NkSm      -0.000000      -0.000000      -0.000000
       E_D_I_I_Derm_C_I_NxmSxm      -0.896127       0.000119      -0.896008
        E_C_I_Nm_Derxm_D_I_Sxm       0.000000       0.000000       0.000000
               E_DP_I_I_DP_I_I                                    -0.000000
               E_CP_I_I_CP_I_I                                    -0.000000
--------------------------------------------------------------------------------
                 Total Skyrme:                                  -370.666992
                    time-even:                                  -370.666992
                    time-odd :                                     0.000000
--------------------------------------------------------------------------------
--------------------------------------------------------------------------------
                                     neutron        proton         total
                Kinetic Energy:     121.535002     119.357624     240.892626
                    COM 1-body:      -7.595938      -7.459851     -15.055789

                Coulomb Direct:       0.000000      16.537273      16.537273
                      Exchange:       0.000000      -2.838670      -2.838670

               Pairing (delta):      -0.000000      -0.000000      -0.000000
               Pairing (densi):                                    -0.000000
--------------------------------------------------------------------------------
                  Total energy:                                  -131.131552
                    from spwfs:                                  -131.131560
                   E_fu - E_sp:                                 0.789862E-05
                      Routhian:                                  -131.131552
--------------------------------------------------------------------------------
--------------------------------------------------------------------------------
 Iteration =    1
 dt  =   0.0207      mu  =   0.0000  D2H =  0.3E-10
 E   =   -131.132    DE  =  0.63449E-09
 dmun=  0.0E+00      dmup=  0.0E+00
 Q20 =       0.0000  Q22 =       0.0000 dQ20=  0.2E-09      dQ22=  0.2E-09
 Jz  =    0.000      dJZ =  0.0E+00
--------------------------------------------------------------------------------
 Iteration =    2
 dt  =   0.0361      mu  =   0.7483  D2H =  0.1E-09
 E   =   -131.132    DE  =  0.18805E-11
 dmun=  0.0E+00      dmup=  0.0E+00
 Q20 =       0.0000  Q22 =       0.0000 dQ20=  0.8E-09      dQ22=  0.6E-09
 Jz  =    0.000      dJZ =  0.4E-14
--------------------------------------------------------------------------------
 Iteration =    3
 dt  =   0.0361      mu  =   0.7483  D2H =  0.2E-10
 E   =   -131.132    DE  =  0.12827E-11
 dmun=  0.0E+00      dmup=  0.0E+00
 Q20 =       0.0000  Q22 =       0.0000 dQ20=  0.1E-08      dQ22=  0.1E-08
 Jz  =    0.000      dJZ =  0.3E-15
--------------------------------------------------------------------------------
 Iteration =    4
 dt  =   0.0361      mu  =   0.7483  D2H =  0.4E-10
 E   =   -131.132    DE  =  0.29217E-12
 dmun=  0.0E+00      dmup=  0.0E+00
 Q20 =       0.0000  Q22 =       0.0000 dQ20=  0.2E-08      dQ22=  0.1E-08
 Jz  =    0.000      dJZ = -0.1E-13
--------------------------------------------------------------------------------
 Iteration =    5
 dt  =   0.0361      mu  =   0.7483  D2H =  0.1E-10
 E   =   -131.132    DE  =  0.42503E-12
 dmun=  0.0E+00      dmup=  0.0E+00
 Q20 =       0.0000  Q22 =       0.0000 dQ20=  0.2E-08      dQ22=  0.1E-08
 Jz  =    0.000      dJZ =  0.1E-13
--------------------- Sp wavefunctions -----------------------------------------
________________________________________________________________________________
   Neutron wavefunctions
  i    P   Rz   occ       E        d2h    Delta   JxT    JyT    Jz     J
--------------------- Sp wavefunctions -----------------------------------------
 12  1.0 -1.0  1.0000   -35.373  7.3E-12   0.00   0.50   0.50  -0.50   0.50
  1  1.0  1.0  1.0000   -35.373  1.6E-11   0.00  -0.50   0.50   0.50   0.50
 24 -1.0  1.0  1.0000   -20.456  1.3E-11   0.00  -1.17   0.81   0.48   1.50
 31 -1.0 -1.0  1.0000   -20.456  1.2E-11   0.00   1.17   0.81  -0.48   1.50
 30 -1.0 -1.0  1.0000   -20.456  1.4E-11   0.00  -0.17   0.19   1.48   1.50
 23 -1.0  1.0  1.0000   -20.456  1.5E-11   0.00   0.17   0.19  -1.48   1.50
 25 -1.0  1.0  1.0000   -14.582  2.3E-11   0.00   0.50  -0.50   0.50   0.50
 32 -1.0 -1.0  1.0000   -14.582  2.5E-11   0.00  -0.50  -0.50  -0.50   0.50
  4  1.0  1.0  0.0000    -6.855  7.1E-07   0.00   0.99  -1.05  -0.31   2.50
 15  1.0 -1.0  0.0000    -6.855  7.1E-07   0.00  -0.99  -1.05   0.31   2.50
 14  1.0 -1.0  0.0000    -6.849  7.1E-07   0.00   0.99   1.06  -1.31   2.50
  3  1.0  1.0  0.0000    -6.849  7.1E-07   0.00  -0.99   1.06   1.31   2.50
 13  1.0 -1.0  0.0000    -6.849  2.2E-09   0.00   1.51   1.49  -0.50   2.50
  2  1.0  1.0  0.0000    -6.849  2.2E-09   0.00  -1.51   1.49   0.50   2.50
  5  1.0  1.0  0.0000    -3.945  7.9E-11   0.00  -0.50   0.50   0.50   0.50
 16  1.0 -1.0  0.0000    -3.945  8.0E-11   0.00   0.50   0.50  -0.50   0.50
 17  1.0 -1.0  0.0000     0.057  4.7E-04   0.00   0.50  -0.99   0.98   1.51
  6  1.0  1.0  0.0000     0.057  4.7E-04   0.00  -0.50  -0.99  -0.98   1.51
  7  1.0  1.0  0.0000     0.057  4.7E-04   0.00   1.48   0.01   0.00   1.51
 18  1.0 -1.0  0.0000     0.057  4.7E-04   0.00  -1.48   0.01  -0.00   1.51
 33 -1.0 -1.0  0.0000     1.440  5.3E+00   0.00  -0.58  -0.56  -0.59   1.90
 26 -1.0  1.0  0.0000     1.440  5.3E+00   0.00   0.58  -0.56   0.59   1.90
  8  1.0  1.0  0.0000     1.679  5.6E+00   0.00  -0.60  -0.67   0.58   2.24
 19  1.0 -1.0  0.0000     1.679  5.6E+00   0.00   0.60  -0.67  -0.58   2.24
 27 -1.0  1.0  0.0000     4.793  2.5E+01   0.00  -0.14  -0.06  -0.39   4.09
 34 -1.0 -1.0  0.0000     4.793  2.5E+01   0.00   0.14  -0.06   0.39   4.09
 20  1.0 -1.0  0.0000     5.496  2.6E+01   0.00  -0.62   0.07   0.54   4.74
  9  1.0  1.0  0.0000     5.496  2.6E+01   0.00   0.62   0.07  -0.54   4.74
 35 -1.0 -1.0  0.0000     5.783  7.0E+02   0.00  -0.47   0.38   0.32   4.34
 21  1.0 -1.0  0.0000     5.948  7.2E+02   0.00   0.54   0.52   0.53   4.22
 28 -1.0  1.0  0.0000    19.347  9.9E+02   0.00  -0.16  -0.19   0.18   8.31
 10  1.0  1.0  0.0000    19.474  9.9E+02   0.00  -0.06  -0.03   0.08   8.29
 22  1.0 -1.0  0.0000    32.375  1.4E+03   0.00   0.39   0.71   0.22  10.52
 29 -1.0  1.0  0.0000    32.420  1.6E+03   0.00   0.02   0.02  -0.04  10.42
 36 -1.0 -1.0  0.0000    33.094  1.5E+03   0.00   0.01  -0.29   0.15  10.52
 11  1.0  1.0  0.0000    35.320  1.7E+03   0.00   0.43  -0.02  -0.41  11.26
________________________________________________________________________________
   Proton  wavefunctions
  i    P   Rz   occ       E        d2h    Delta   JxT    JyT    Jz     J
--------------------- Sp wavefunctions -----------------------------------------
 37  1.0  1.0  1.0000   -31.608  1.9E-11   0.00  -0.50   0.50   0.50   0.50
 48  1.0 -1.0  1.0000   -31.608  2.2E-11   0.00   0.50   0.50  -0.50   0.50
 60 -1.0  1.0  1.0000   -16.968  3.6E-11   0.00  -1.17   0.81   0.48   1.50
 67 -1.0 -1.0  1.0000   -16.968  3.8E-11   0.00   1.17   0.81  -0.48   1.50
 59 -1.0  1.0  1.0000   -16.968  3.6E-11   0.00   0.17   0.19  -1.48   1.50
 66 -1.0 -1.0  1.0000   -16.968  3.7E-11   0.00  -0.17   0.19   1.48   1.50
 61 -1.0  1.0  1.0000   -11.218  4.9E-11   0.00   0.50  -0.50   0.50   0.50
 68 -1.0 -1.0  1.0000   -11.218  5.0E-11   0.00  -0.50  -0.50  -0.50   0.50
 40  1.0  1.0  0.0000    -3.641  8.4E-07   0.00   0.99  -1.05  -0.31   2.50
 51  1.0 -1.0  0.0000    -3.641  8.4E-07   0.00  -0.99  -1.05   0.31   2.50
 50  1.0 -1.0  0.0000    -3.636  8.3E-07   0.00   0.99   1.06  -1.31   2.50
 39  1.0  1.0  0.0000    -3.636  8.3E-07   0.00  -0.99   1.06   1.31   2.50
 49  1.0 -1.0  0.0000    -3.635  2.7E-09   0.00   1.51   1.49  -0.50   2.50
 38  1.0  1.0  0.0000    -3.635  2.7E-09   0.00  -1.51   1.49   0.50   2.50
 52  1.0 -1.0  0.0000    -0.993  3.7E-10   0.00   0.50   0.50  -0.50   0.50
 41  1.0  1.0  0.0000    -0.993  3.7E-10   0.00  -0.50   0.50   0.50   0.50
 53  1.0 -1.0  0.0000     2.164  2.1E-01   0.00   0.51  -0.56   0.55   1.74
 42  1.0  1.0  0.0000     2.164  2.1E-01   0.00  -0.51  -0.56  -0.55   1.74
 43  1.0  1.0  0.0000     2.164  2.1E-01   0.00   0.91   0.16   0.15   1.74
 54  1.0 -1.0  0.0000     2.164  2.1E-01   0.00  -0.91   0.16  -0.15   1.74
 62 -1.0  1.0  0.0000     2.501  5.3E+00   0.00   0.59  -0.56   0.58   1.96
 69 -1.0 -1.0  0.0000     2.501  5.3E+00   0.00  -0.59  -0.56  -0.58   1.96
 55  1.0 -1.0  0.0000     3.459  6.2E+00   0.00   0.26  -0.63  -0.26   2.65
 44  1.0  1.0  0.0000     3.459  6.2E+00   0.00  -0.26  -0.63   0.26   2.65
 71 -1.0 -1.0  0.0000     6.816  7.0E+02   0.00  -0.47   0.47   0.46   4.24
 70 -1.0 -1.0  0.0000     6.837  2.3E+01   0.00  -0.21  -0.03  -0.65   4.70
 63 -1.0  1.0  0.0000     6.837  2.3E+01   0.00   0.23  -0.00   0.64   4.67
 45  1.0  1.0  0.0000     7.238  2.0E+01   0.00   0.24  -0.16   0.82   5.71
 56  1.0 -1.0  0.0000     7.238  2.0E+01   0.00  -0.24  -0.16  -0.82   5.71
 57  1.0 -1.0  0.0000     9.820  7.8E+02   0.00  -0.06   0.14   0.68   5.57
 64 -1.0  1.0  0.0000    20.566  9.7E+02   0.00   0.13   0.24   0.01   8.39
 46  1.0  1.0  0.0000    21.876  1.0E+03   0.00  -0.16  -0.31  -0.16   8.65
 47  1.0  1.0  0.0000    32.992  1.7E+03   0.00   0.13   0.16   0.20  10.51
 72 -1.0 -1.0  0.0000    33.545  1.4E+03   0.00   0.04  -0.03  -0.30  10.56
 65 -1.0  1.0  0.0000    34.049  1.6E+03   0.00  -0.17  -0.05  -0.26  11.10
 58  1.0 -1.0  0.0000    35.500  1.5E+03   0.00  -0.14  -0.09  -0.46  11.16
--------------------------------------------------------------------------------
--------------------- Canonical basis  -----------------------------------------
________________________________________________________________________________
   Neutron wavefunctions
  i    P   Rz   occ       E        d2h    Delta   JxT    JyT    Jz     J
 22  1.0 -1.0  1.0000   -35.373  0.0E+00   0.00   0.50   0.50  -0.50   0.50
 11  1.0  1.0  1.0000   -35.373  0.0E+00   0.00  -0.50   0.50   0.50   0.50
 36 -1.0 -1.0  1.0000   -20.455  0.0E+00   0.00  -0.17   0.19   1.48   1.50
 27 -1.0  1.0  1.0000   -20.455  0.0E+00   0.00   0.43   0.64  -1.29   1.50
 28 -1.0  1.0  1.0000   -20.364  0.0E+00   0.00  -1.40   0.35   0.29   1.49
 34 -1.0 -1.0  1.0000   -20.344  0.0E+00   0.00   1.14   0.78  -0.48   1.49
 35 -1.0 -1.0  1.0000   -14.693  0.0E+00   0.00  -0.47  -0.47  -0.50   0.53
 29 -1.0  1.0  1.0000   -14.674  0.0E+00   0.00   0.47  -0.49   0.50   0.52
 10  1.0  1.0  0.0000    -6.855  0.0E+00   0.00   0.99  -0.95  -0.51   2.50
 21  1.0 -1.0  0.0000    -6.854  0.0E+00   0.00  -1.22  -0.94  -0.87   2.50
 20  1.0 -1.0  0.0000    -6.850  0.0E+00   0.00   2.43   0.12  -0.16   2.50
 19  1.0 -1.0  0.0000    -6.849  0.0E+00   0.00   0.29   2.32  -0.47   2.50
  9  1.0  1.0  0.0000    -6.849  0.0E+00   0.00  -1.73   0.49   1.23   2.50
  8  1.0  1.0  0.0000    -6.849  0.0E+00   0.00  -0.75   1.96   0.77   2.50
 18  1.0 -1.0  0.0000    -3.940  0.0E+00   0.00   0.50   0.50  -0.50   0.51
  7  1.0  1.0  0.0000    -3.931  0.0E+00   0.00  -0.50   0.50   0.50   0.51
  6  1.0  1.0  0.0000     0.105  0.0E+00   0.00  -0.46  -0.69  -1.14   1.54
 16  1.0 -1.0  0.0000     0.312  0.0E+00   0.00  -1.24   0.11   0.11   1.66
 15  1.0 -1.0  0.0000     0.392  0.0E+00   0.00   0.51  -0.92   0.81   1.66
  4  1.0  1.0  0.0000     0.506  0.0E+00   0.00   1.29  -0.35   0.29   1.89
 23 -1.0  1.0  0.0000     1.496  0.0E+00   0.00   0.54  -0.56   0.56   2.04
  5  1.0  1.0  0.0000     1.706  0.0E+00   0.00  -0.48  -0.66   0.34   2.28
 17  1.0 -1.0  0.0000     2.723  0.0E+00   0.00   0.07  -0.79  -0.10   3.20
 30 -1.0 -1.0  0.0000     3.090  0.0E+00   0.00  -0.10  -0.33  -0.05   3.39
 33 -1.0 -1.0  0.0000     3.143  0.0E+00   0.00  -0.35  -0.30  -0.15   2.93
 12  1.0 -1.0  0.0000     4.103  0.0E+00   0.00  -0.30   0.17   0.27   4.09
 26 -1.0  1.0  0.0000     4.737  0.0E+00   0.00  -0.09  -0.07  -0.36   4.02
 13  1.0 -1.0  0.0000     5.702  0.0E+00   0.00   0.50   0.39   0.37   4.10
 32 -1.0 -1.0  0.0000     5.783  0.0E+00   0.00  -0.47   0.38   0.32   4.34
  2  1.0  1.0  0.0000     5.900  0.0E+00   0.00   0.85   0.10  -0.38   4.83
  1  1.0  1.0  0.0000    18.530  0.0E+00   0.00  -0.27   0.02   0.03   8.12
 25 -1.0  1.0  0.0000    19.347  0.0E+00   0.00  -0.16  -0.19   0.18   8.31
 14  1.0 -1.0  0.0000    32.375  0.0E+00   0.00   0.39   0.71   0.22  10.52
 24 -1.0  1.0  0.0000    32.420  0.0E+00   0.00   0.02   0.02  -0.04  10.42
 31 -1.0 -1.0  0.0000    33.094  0.0E+00   0.00   0.01  -0.29   0.15  10.52
  3  1.0  1.0  0.0000    35.320  0.0E+00   0.00   0.43  -0.02  -0.41  11.26
________________________________________________________________________________
   Proton  wavefunctions
  i    P   Rz   occ       E        d2h    Delta   JxT    JyT    Jz     J
--------------------- Sp wavefunctions -----------------------------------------
 47  1.0  1.0  1.0000   -31.608  0.0E+00   0.00  -0.50   0.50   0.50   0.50
 58  1.0 -1.0  1.0000   -31.608  0.0E+00   0.00   0.50   0.50  -0.50   0.50
 71 -1.0 -1.0  1.0000   -16.879  0.0E+00   0.00  -0.40   0.56   1.30   1.49
 64 -1.0  1.0  1.0000   -16.873  0.0E+00   0.00   0.43   0.62  -1.26   1.49
 72 -1.0 -1.0  1.0000   -16.766  0.0E+00   0.00   1.35   0.35  -0.31   1.47
 63 -1.0  1.0  1.0000   -16.564  0.0E+00   0.00  -1.27   0.36   0.34   1.45
 65 -1.0  1.0  1.0000   -11.718  0.0E+00   0.00   0.34  -0.49   0.42   0.62
 70 -1.0 -1.0  1.0000   -11.511  0.0E+00   0.00  -0.45  -0.40  -0.49   0.57
 38  1.0  1.0  0.0000    -3.637  0.0E+00   0.00  -0.00  -0.06   2.39   2.50
 48  1.0 -1.0  0.0000    -3.636  0.0E+00   0.00   0.58   1.63  -1.13   2.50
 57  1.0 -1.0  0.0000    -3.635  0.0E+00   0.00   2.08   0.82  -0.52   2.50
 37  1.0  1.0  0.0000    -3.635  0.0E+00   0.00  -1.72   1.20   0.59   2.50
 46  1.0  1.0  0.0000    -3.474  0.0E+00   0.00   0.20   0.35  -1.38   2.45
 49  1.0 -1.0  0.0000    -2.613  0.0E+00   0.00  -0.51  -0.39  -0.10   1.93
 56  1.0 -1.0  0.0000    -1.945  0.0E+00   0.00  -0.14  -0.07  -0.24   1.53
 39  1.0  1.0  0.0000    -1.077  0.0E+00   0.00  -0.47   0.49   0.42   0.65
 51  1.0 -1.0  0.0000     2.180  0.0E+00   0.00  -0.84   0.43   0.24   1.75
 50  1.0 -1.0  0.0000     2.197  0.0E+00   0.00   0.21  -0.83   0.37   1.80
 40  1.0  1.0  0.0000     2.245  0.0E+00   0.00   0.68  -0.62   0.33   1.83
 69 -1.0 -1.0  0.0000     2.503  0.0E+00   0.00  -0.60  -0.54  -0.58   1.95
 41  1.0  1.0  0.0000     2.805  0.0E+00   0.00   0.02   0.08  -1.05   2.54
 42  1.0  1.0  0.0000     3.699  0.0E+00   0.00  -0.32  -0.66   0.43   3.39
 52  1.0 -1.0  0.0000     3.875  0.0E+00   0.00   0.31  -0.77  -0.39   3.33
 62 -1.0  1.0  0.0000     4.496  0.0E+00   0.00   0.57   0.01   0.50   3.31
 59 -1.0  1.0  0.0000     4.842  0.0E+00   0.00   0.26  -0.57   0.73   3.78
 43  1.0  1.0  0.0000     6.197  0.0E+00   0.00  -0.02   0.03   0.95   4.87
 68 -1.0 -1.0  0.0000     6.816  0.0E+00   0.00  -0.47   0.47   0.46   4.24
 66 -1.0 -1.0  0.0000     6.835  0.0E+00   0.00  -0.20  -0.04  -0.66   4.71
 55  1.0 -1.0  0.0000     7.268  0.0E+00   0.00  -0.23  -0.01  -0.68   6.04
 53  1.0 -1.0  0.0000     9.249  0.0E+00   0.00   0.09   0.13   0.45   4.76
 61 -1.0  1.0  0.0000    20.566  0.0E+00   0.00   0.13   0.24   0.01   8.39
 45  1.0  1.0  0.0000    21.873  0.0E+00   0.00  -0.16  -0.30  -0.16   8.65
 44  1.0  1.0  0.0000    32.992  0.0E+00   0.00   0.13   0.16   0.20  10.51
 67 -1.0 -1.0  0.0000    33.545  0.0E+00   0.00   0.04  -0.03  -0.30  10.56
 60 -1.0  1.0  0.0000    34.049  0.0E+00   0.00  -0.17  -0.05  -0.26  11.10
 54  1.0 -1.0  0.0000    35.500  0.0E+00   0.00  -0.14  -0.09  -0.46  11.16
--------------------------------------------------------------------------------
---------------------------------Quasiparticles---------------------------------
Block 1:  P=+1  neutrons
  N      Eqp     f_n
________________________________________________________________________________
  1    -43.89    0.00E+00
  2    -23.86    0.00E+00
  3    -17.47    0.00E+00
  4    -17.01    0.00E+00
  5    -13.20    0.00E+00
  6    -11.58    0.00E+00
  7    -11.58    0.00E+00
  8     -7.57    0.00E+00
  9     -4.67    0.00E+00
 10     -4.67    0.00E+00
 11     -4.66    0.00E+00
 12    -46.84    0.00E+00
 13    -30.99    0.00E+00
 14    -23.86    0.00E+00
 15    -17.01    0.00E+00
 16    -13.20    0.00E+00
 17    -11.58    0.00E+00
 18    -11.58    0.00E+00
 19     -7.57    0.00E+00
 20     -4.67    0.00E+00
 21     -4.67    0.00E+00
 22     -4.66    0.00E+00
 23      4.66    1.00E+00
 24      4.67    1.00E+00
 25      4.67    1.00E+00
 26      7.57    1.00E+00
 27     11.58    1.00E+00
 28     11.58    1.00E+00
 29     13.20    1.00E+00
 30     17.01    1.00E+00
 31     23.86    1.00E+00
 32     30.99    1.00E+00
 33     46.84    1.00E+00
 34      4.66    1.00E+00
 35      4.67    1.00E+00
 36      4.67    1.00E+00
 37      7.57    1.00E+00
 38     11.58    1.00E+00
 39     11.58    1.00E+00
 40     13.20    1.00E+00
 41     17.01    1.00E+00
 42     17.47    1.00E+00
 43     23.86    1.00E+00
 44     43.89    1.00E+00

Block 3:  P=-1  neutrons
  N      Eqp     f_n
________________________________________________________________________________
  1    -44.61    0.00E+00
  2    -17.30    0.00E+00
  3    -16.31    0.00E+00
  4    -12.96    0.00E+00
  5     -8.94    0.00E+00
  6     -8.94    0.00E+00
  7     -3.06    0.00E+00
  8    -43.94    0.00E+00
  9    -30.86    0.00E+00
 10    -16.31    0.00E+00
 11    -12.96    0.00E+00
 12     -8.94    0.00E+00
 13     -8.94    0.00E+00
 14     -3.06    0.00E+00
 15      3.06    1.00E+00
 16      8.94    1.00E+00
 17      8.94    1.00E+00
 18     12.96    1.00E+00
 19     16.31    1.00E+00
 20     30.86    1.00E+00
 21     43.94    1.00E+00
 22      3.06    1.00E+00
 23      8.94    1.00E+00
 24      8.94    1.00E+00
 25     12.96    1.00E+00
 26     16.31    1.00E+00
 27     17.30    1.00E+00
 28     44.61    1.00E+00

Block 5:  P=+1   protons
  N      Eqp     f_n
________________________________________________________________________________
  1    -43.73    0.00E+00
  2    -23.38    0.00E+00
  3    -18.05    0.00E+00
  4    -15.46    0.00E+00
  5    -11.69    0.00E+00
  6    -10.39    0.00E+00
  7    -10.39    0.00E+00
  8     -7.23    0.00E+00
  9     -4.59    0.00E+00
 10     -4.59    0.00E+00
 11     -4.59    0.00E+00
 12    -41.22    0.00E+00
 13    -30.10    0.00E+00
 14    -23.38    0.00E+00
 15    -15.46    0.00E+00
 16    -11.69    0.00E+00
 17    -10.39    0.00E+00
 18    -10.39    0.00E+00
 19     -7.23    0.00E+00
 20     -4.59    0.00E+00
 21     -4.59    0.00E+00
 22     -4.59    0.00E+00
 23      4.59    1.00E+00
 24      4.59    1.00E+00
 25      4.59    1.00E+00
 26      7.23    1.00E+00
 27     10.39    1.00E+00
 28     10.39    1.00E+00
 29     11.69    1.00E+00
 30     15.46    1.00E+00
 31     23.38    1.00E+00
 32     30.10    1.00E+00
 33     41.22    1.00E+00
 34      4.59    1.00E+00
 35      4.59    1.00E+00
 36      4.59    1.00E+00
 37      7.23    1.00E+00
 38     10.39    1.00E+00
 39     10.39    1.00E+00
 40     11.69    1.00E+00
 41     15.46    1.00E+00
 42     18.05    1.00E+00
 43     23.38    1.00E+00
 44     43.73    1.00E+00

Block 7:  P=-1   protons
  N      Eqp     f_n
________________________________________________________________________________
  1    -41.77    0.00E+00
  2    -15.06    0.00E+00
  3    -15.04    0.00E+00
  4    -10.73    0.00E+00
  5     -8.74    0.00E+00
  6     -8.74    0.00E+00
  7     -2.99    0.00E+00
  8    -42.28    0.00E+00
  9    -28.79    0.00E+00
 10    -15.06    0.00E+00
 11    -10.73    0.00E+00
 12     -8.74    0.00E+00
 13     -8.74    0.00E+00
 14     -2.99    0.00E+00
 15      2.99    1.00E+00
 16      8.74    1.00E+00
 17      8.74    1.00E+00
 18     10.73    1.00E+00
 19     15.06    1.00E+00
 20     28.79    1.00E+00
 21     42.28    1.00E+00
 22      2.99    1.00E+00
 23      8.74    1.00E+00
 24      8.74    1.00E+00
 25     10.73    1.00E+00
 26     15.04    1.00E+00
 27     15.06    1.00E+00
 28     41.77    1.00E+00

--------------------------------------------------------------------------------
---------------- Electric Multipole Moments -----------------
Quantisation Axis             : Z
  With secondary axis ordering: X,Y
______________________________________________________________
                     Neutrons        Protons         Total
______________________________________________________________
 Particles            8.0000          8.0000         16.0000

Re  Q_{ 2 0}          0.0000          0.0000          0.0000
Re  Q_{ 2 2}          0.0000          0.0000          0.0000

Re  Q_{ 4 0}         -0.0708         -0.0738         -0.1446
Re  Q_{ 4 2}          0.0000          0.0000          0.0000
Re  Q_{ 4 4}         -0.0423         -0.0441         -0.0864

Re  Q_{ 6 0}         -0.2973         -0.2850         -0.5823
Re  Q_{ 6 2}          0.0000          0.0000          0.0000
Re  Q_{ 6 4}          0.5562          0.5331          1.0894
Re  Q_{ 6 6}          0.0000          0.0000          0.0000

Re  Q_{ 8 0}         24.0055         19.6226         43.6281
Re  Q_{ 8 2}          0.0000          0.0000          0.0000
Re  Q_{ 8 4}          9.0273          7.3791         16.4064
Re  Q_{ 8 6}          0.0000          0.0000          0.0000
Re  Q_{ 8 8}         13.7542         11.2430         24.9971

Re  Q_{10 0}        387.3002        158.4481        545.7483
Re  Q_{10 2}          0.0000          0.0000          0.0000
Re  Q_{10 4}       -390.2676       -159.6625       -549.9301
Re  Q_{10 6}          0.0002         -0.0000          0.0002
Re  Q_{10 8}       -464.5112       -190.0359       -654.5472
Re  Q_{1010}          0.0001          0.0000          0.0001

 RMS radius           2.6387          2.6641          2.6514
______________________________________________________________
                     Neutrons        Protons         Total
______________________________________________________________

Beta_{ 2 0}       0.00000000      0.00000000      0.00000000
Beta_{ 2 2}       0.00000000      0.00000000      0.00000000

Beta_{ 4 0}      -0.00022174     -0.00023106     -0.00045280
Beta_{ 4 2}       0.00000000      0.00000000      0.00000000
Beta_{ 4 4}      -0.00013251     -0.00013808     -0.00027060

Beta_{ 6 0}      -0.00010183     -0.00009760     -0.00019943
Beta_{ 6 2}       0.00000000      0.00000000      0.00000000
Beta_{ 6 4}       0.00019050      0.00018259      0.00037310
Beta_{ 6 6}       0.00000000      0.00000000      0.00000000

Beta_{ 8 0}       0.00089917      0.00073500      0.00163417
Beta_{ 8 2}       0.00000000      0.00000000      0.00000000
Beta_{ 8 4}       0.00033813      0.00027640      0.00061453
Beta_{ 8 6}       0.00000000      0.00000000      0.00000000
Beta_{ 8 8}       0.00051519      0.00042113      0.00093632

Beta_{10 0}       0.00158661      0.00064910      0.00223571
Beta_{10 2}       0.00000000      0.00000000      0.00000000
Beta_{10 4}      -0.00159877     -0.00065407     -0.00225284
Beta_{10 6}       0.00000000     -0.00000000      0.00000000
Beta_{10 8}      -0.00190291     -0.00077850     -0.00268141
Beta_{1010}       0.00000000      0.00000000      0.00000000

______________________________________________________________
                     Neutrons        Protons         Total
______________________________________________________________
Q_{ 2}                0.0000          0.0000          0.0000
Q_{ 4}                0.0927          0.0966          0.1893
Q_{ 6}                0.8410          0.8060          1.6470
Q_{ 8}               33.4305         27.3269         60.7574
Q_{10}              941.3610        385.1199       1326.4808
______________________________________________________________
                     Neutrons        Protons         Total
______________________________________________________________
Beta_{   2}       0.00000000      0.00000000      0.00000000
Beta_{   4}       0.00029033      0.00030252      0.00059285
Beta_{   6}       0.00028801      0.00027605      0.00056407
Beta_{   8}       0.00125220      0.00102358      0.00227579
Beta_{  10}       0.00385637      0.00157768      0.00543405
______________________________________________________________
 Cart. Moments X              Y              Z
 Cart. N        0.0000000     -0.0000000      0.0000000
 Cart. P        0.0000000     -0.0000000      0.0000000
 Cart. T        0.0000000     -0.0000001      0.0000001
 (Q, gamma)    Q              Gamma
 (Q,g) N        0.0000000     39.0356617
 (Q,g) P        0.0000000     43.5413763
 (Q,g) T        0.0000001     41.3622942
 (iq1, iq2)    iq1            iq2
 iq    N        0.0000000      0.0000000
 iq    P        0.0000000      0.0000000
 iq    T        0.0000000      0.0000001
               X^2            Y^2            Z^2
 X^2_i N       18.5670709     18.5670709     18.5670709
 X^2_i P       18.9270092     18.9270092     18.9270092
 X^2_i T       37.4940801     37.4940800     37.4940801
------------------------------------------------------------
------------------------- Angular Momentum (hbar) --------------------------

               Spwfs(*)    Desired     Omega       E (MeV)      Densit. 
  __________________________________________________________________________
   J_x   |     0.00000     0.00000     0.00000    -0.00000     0.00000
   J_y   |     0.00000     0.00000     0.00000    -0.00000     0.00000
   J_z   |     0.00000     0.00000     0.00000    -0.00000     0.00000
  __________________________________________________________________________
   Size  |     0.00000     0.00000     0.00000                 0.00000
  --------------------------------------------------------------------------
---------------------Rotational properties--------------------
                Rigid rotor          (hbar^2/MeV)
              n              p              t 
 I_R X       0.8954235      0.9127820      1.8082056
 I_R Y       0.8954235      0.9127820      1.8082056
 I_R Z       0.8954235      0.9127820      1.8082056

                Belyaev                 (hbar^2/MeV) 
              n              p              t 
 I_B X       0.0000000      0.0000000      0.0000000
 I_B Y       0.0000000      0.0000000      0.0000000
 I_B Z       0.0000000      0.0000000      0.0000000

                Belyaev (collective)    (hbar^2/MeV) 
              n              p              t 
 I_B X       0.0000000      0.0000000      0.0000000
 I_B Y       0.0000000      0.0000000      0.0000000
 I_B Z       0.0000000      0.0000000      0.0000000

                 <J^2> - <J>^2          (hbar^2)
              n              p              t 
 J2_X        0.0000000      0.0000000      0.0000000
 J2_Y        0.0000000      0.0000000      0.0000000
 J2_Z        0.0000000      0.0000000      0.0000000
 J2_t        0.0000000      0.0000000      0.0000000

                 <J^2> - <J>^2 (coll.)  (hbar^2)
              n              p              t 
 J2_X        0.0000000      0.0000000      0.0000000
 J2_Y        0.0000000      0.0000000      0.0000000
 J2_Z        0.0000000      0.0000000      0.0000000
 J2_t        0.0000000      0.0000000      0.0000000
-------------------------- Pairing -------------------------
                          N         P 
 Fermi Level (MeV)    -11.51793916    -8.22728536
 Particles              8.00000000     8.00000000
 Dispersion             0.00000000    -0.00000000
 Average gap   v^2      0.00000000     0.00000000
 Average gap   uv       0.00000000     0.00000000

 HFB convergence:   (N,+)    (N,-)    (P,+)    (P,-)
  r^2-r+k*k^T    =  1.26E-15 2.45E-15 4.02E-15 2.72E-15
  r*k-k*r        =  1.60E-16 5.91E-16 6.35E-16 6.87E-16
 overlap rho,kap =  1.00E+00 1.23E+00
------------------------------------------------------------
--------------------------------------------------------------------------------
 Skyrme Energy 
                                    Isoscalar      Isovector   |   Total
--------------------------------------------------------------------------------
                 E_D_I_I_D_I_I   -1373.219630       0.082625   -1373.137004
              E_D_I_I_D_I_I_DD     905.758086      -0.069004     905.689082
               E_D_I_Sm_D_I_Sm      -0.000000       0.000000       0.000000
            E_D_I_Sm_D_I_Sm_DD       0.000000      -0.000000       0.000000
               E_D_I_I_D_Nm_Nm      42.099245       0.000738      42.099984
             E_D_I_I_Lap_D_I_I      55.580934      -0.004640      55.576293
           E_C_I_NmSk_C_I_NmSk       0.000668       0.000007       0.000675
               E_C_I_Nm_C_I_Nm      -0.000000      -0.000000      -0.000000
           E_D_I_Sm_Lap_D_I_Sm      -0.000000      -0.000000      -0.000000
            E_D_I_Sm_D_Nk_NkSm      -0.000000      -0.000000      -0.000000
       E_D_I_I_Derm_C_I_NxmSxm      -0.896127       0.000119      -0.896008
        E_C_I_Nm_Derxm_D_I_Sxm      -0.000000       0.000000      -0.000000
               E_DP_I_I_DP_I_I                                    -0.000000
               E_CP_I_I_CP_I_I                                    -0.000000
--------------------------------------------------------------------------------
                 Total Skyrme:                                  -370.666978
                    time-even:                                  -370.666978
                    time-odd :                                     0.000000
--------------------------------------------------------------------------------
--------------------------------------------------------------------------------
                                     neutron        proton         total
                Kinetic Energy:     121.534996     119.357616     240.892612
                    COM 1-body:      -7.595937      -7.459851     -15.055788

                Coulomb Direct:       0.000000      16.537273      16.537273
                      Exchange:       0.000000      -2.838670      -2.838670

               Pairing (delta):      -0.000000      -0.000000      -0.000000
               Pairing (densi):                                    -0.000000
--------------------------------------------------------------------------------
                  Total energy:                                  -131.131552
                    from spwfs:                                  -131.131557
                   E_fu - E_sp:                                 0.509229E-05
                      Routhian:                                  -131.131552
--------------------------------------------------------------------------------
--------------------------------------------------------------------------------
Convergence report
                        Change^(i)     Change^(i-1)   rate (approx)
  Con.  Energy      :      -1.07E-10      -5.57E-11       4.86E-01
  Con.  Routhian    :      -1.07E-10      -5.57E-11       4.86E-01
  Con.  E_fu - E_sp :       3.75E-07       5.95E-07      -1.93E+00
  Con.  |delta rho| :       5.20E-08       0.00E+00       7.19E-01
--------------------------------------------------------------------------------
----------------------------------
| Convergence criteria satisfied.|
| Needed    6 iterations.        |
| dE <  0.100E-10                | 
| dQ <  0.100E-04                | 
| dH <  0.100E-04                | 
| Ending the iterative proces.   |
----------------------------------
id Timer name                                # of calls      time (s)  % total
__ ________________________________________  __________  ____________  _______
   TOTAL                                              -        2.0032  100.00%
 1 Tantalus                                           1        2.0032  100.00%
     (internal)                                       -        0.1864    9.30%
 2   HF-basis Derivatives                             7        0.2473   12.35%
 4   Spwf evolution                                   6        0.9965   49.75%
       (internal)                                     -        0.0222    1.11%
 5     Orthonormalization                             6        0.0312    1.56%
13     Sp. Hamiltonian                              515        0.9432   47.08%
 5   Orthonormalization                               1        0.0054    0.27%
 6   Density calculations                             8        0.4212   21.03%
       (internal)                                     -        0.0009    0.04%
 3     Canonical basis Derivatives                    8        0.2813   14.04%
 7     Density: pp                                    8        0.0204    1.02%
 8     Density: ph                                    8        0.0701    3.50%
 9     Density: derivatives                           8        0.0230    1.15%
15     Can. basis construction                        8        0.0255    1.27%
10   Field calculations                               8        0.0812    4.05%
       (internal)                                     -        0.0448    2.23%
14     Coulomb solver                                 8        0.0365    1.82%
11   Energy calculations                              7        0.0521    2.60%
       (internal)                                     -        0.0190    0.95%
16     Moments of inertia                             1        0.0331    1.65%
12   Pairing solver                                   8        0.0131    0.65%
__ ________________________________________  __________  ____________  _______
