

         ___________________________________________________________
        |                                                          |
        | MOCCa v2.0 =                                             |
        |                                                          |
        |  #######   ##   #    # #####   ##   #      #    #  ####  |
        |     #     #  #  ##   #   #    #  #  #      #    # #      |
        |     #    #    # # #  #   #   #    # #      #    #  ####  |
        |     #    ###### #  # #   #   ###### #      #    #      # |
        |     #    #    # #   ##   #   #    # #      #    # #    # |
        |     #    #    # #    #   #   #    # ######  ####   ####  |
        |                                                          |
        |  Copyright  P.-H. Heenen, M. Bender & W. Ryssens         |
        |                                                          |
        |----------------------------------------------------------|
        | Runtype = Single-mode                                    |
        |-------------- Version Information -----------------------|
        |                                                          |
        | "commit 23894df95062c356bbd89432c9cca5bc464206ce"        |
        | "Author: Wouter Ryssens <w.ryssens@ipnl.in2p3.fr>"       |
        | "Date:   Thu Jan 28 13:56:16 2021 +0100"                 |
        |                                                          |
        |-------------- Symmetry Information ----------------------|
        |                                                          |
        | S.p. generators        = Rz,P,STy                        |
        | Axis reduction  X Y Z  =  1 1 1                          |
        | SYM_CODE               = 0 1 001 000 00 000 010 111      |
        | TRANS_CODE             = 0 1 001 000 10 000 010 111      |
        |__________________________________________________________|

------------------------------General Information ------------------------------
 Mesh parameters
   nx =    12 ny =    12 nz =    12 mv =  1728
   dx =         1.0000000000 (fm  ) 
   dv =  8.00 (fm^3) 
 Nucleus
    N =   13.00000  Z =   12.00000
 Wavefunctions
  nwt =    80
  nwn =    40
  nwp =    40
 Inverse temperature Beta =   -1.000000000
 IO information
  inputfilename  =tant.Mg25.EFA.T.wf              
  outputfilename =tant.Mg25.block.wf              
  Checkpointiter =         0
  Filename for other output (not written if empty): 
    BXL output     =                                         
    DEN file       =                                         
    POT file       =                                         
    SPHF file      =                                         
    SPCAN file     =                                         
 Convergence required
  Energy convergence           <  0.1E-10
  Multipole moment convergence <  0.1E-04
  Dispersion convergence       <  0.1E-04
--------------------------------------------------------------------------------
 Evolution strategy: HEAVYBALL           
   Estimate (dt,mu)  : YES
--------------------------------------------------------------------------------
 SCF iteration strategy: 
       Potential preconditioning
   Preconfactor=  1.0000
--------------------------------------------------------------------------------
 Pairing treatment: Hartree-Fock-Bogoliubov (HFB)                               
   Fermi-solver: BRENT                                                                                              
   Linear mixing of (rho,kappa)
   HFBmix = 1.000
   Cutoff parameters  =      Symmetric Fermi
     dE (n,p) =  7.42 7.42 MeV 
     mu (n,p) =  0.50 0.50 MeV 
   Gas-treatment:  Normal
  Blocking Options
    Blocking type: 2
    Ordinary Blocking
    Blocknumber  =  1
    Blocklowest  =  n+
----------------------------- Cranking information -----------------------------
 Cranking frequencies 
    Omega_X =           0.000
    Omega_Y =           0.000
    Omega_Z =           0.000
--------------------------------------------------------------------------------
 Parameterization name     gsk2                
 Functional name           DD-SWITCH.FUNC      
 - - - - - - - - - - -
 Parameters
    t0   -1882.355
    x0       0.196
    t1     344.790
    x1      -0.580
    t2      -2.432
    x2      69.985
    t3   12321.956
    x3       0.121
   wso     123.922
 sigma       0.300
   CT0       0.000
   CT1       0.000
 CSDS0       0.000
 CSDS1       0.000
  wsoq      83.519
    Vn    -644.921
    Vp    -682.559
 alpha       0.692
sigmap       0.773
force_       0.000
 - - - - - - - - - - -
 Coulomb Treatment =  2
   Only Direct contribution included.
   Discretisation of laplacian:   5-point stencil.
   Protonsize  =    0.895   0.000
   Neutronsize =    0.387   0.467
   Proton form factor  = One Gaussian
   Neutron form factor = Difference of two Gaussians
   Folding included self-consistently.
   Nucleon radii corrected for HO basis size.
 - - - - - - - - - - -
 Center-of-mass options
   One-body: self-consistent
   Two-body: perturbative
 - - - - - - - - - - -
 Rotational correction 
    Included.    
    Parameters b = 0.930
               c = 5.000
    Cutoff :     ACTIVE
 - - - - - - - - - - -
 Elementary Constants
 e^2            =  1.43996446 (sqrt(MeV fm)) 
 hbar^2/(2*mn)  = 20.73553000 (MeV fm^2)
 hbar^2/(2*mp)  = 20.73553000 (MeV fm^2)
 - - - - - - - - - - -
 Skyrme coupling constants 
     __________________________________________________________
                                      Isospin representation
                                      C_0            C_1    
     __________________________________________________________
                 B_D_I_I_D_I_I   -1033.542718     655.319010
               B_D_I_I_D_Nm_Nm      39.303646     -35.932406
               B_D_I_Sm_D_I_Sm       0.000000       0.000000
             B_D_I_I_Lap_D_I_I     -51.361097     -15.905427
              B_D_I_I_D_I_I_DD    1088.825143    -637.405759
           B_C_I_NmSk_C_I_NmSk       0.000000      -0.000000
               B_C_I_Nm_C_I_Nm       0.000000       0.000000
       B_D_I_I_Derm_C_I_NxmSxm     -61.960789     -41.759343
     __________________________________________________________
                                      BFH representation 
                                      C_0            C_q    
                 B_D_I_I_D_I_I    -705.883213     327.659505
               B_D_I_I_D_Nm_Nm      21.337442     -17.966203
               B_D_I_Sm_D_I_Sm       0.000000       0.000000
             B_D_I_I_Lap_D_I_I     -59.313810      -7.952713
              B_D_I_I_D_I_I_DD     770.122263    -318.702879
           B_C_I_NmSk_C_I_NmSk      -0.000000      -0.000000
               B_C_I_Nm_C_I_Nm       0.000000       0.000000
       B_D_I_I_Derm_C_I_NxmSxm     -82.840461     -20.879672
     __________________________________________________________
                                      Pairing terms 
                                      neutron        proton 
               B_DP_I_I_DP_I_I    -161.230153    -170.639813
     __________________________________________________________
 Blocked           1
--------------------- Sp wavefunctions -----------------------------------------
________________________________________________________________________________
   Neutron wavefunctions
  i    P   Rz   occ       E        d2h    Delta   JxT    JyT    Jz     J
--------------------- Sp wavefunctions -----------------------------------------
  8  1.0 -1.0  1.0000   -38.082  3.9E-12   0.00   0.50   0.50  -0.50   0.52
  1  1.0  1.0  1.0000   -38.082  7.5E-12   0.00  -0.50   0.50   0.50   0.52
 15 -1.0  1.0  1.0000   -27.098  4.0E-12   0.00   0.50   0.83  -0.83   1.44
 28 -1.0 -1.0  1.0000   -27.098  2.4E-12   0.00  -0.50   0.83   0.83   1.44
 16 -1.0  1.0  1.0000   -24.085 -3.2E-12   0.00  -1.50   0.00   0.00   1.52
 29 -1.0 -1.0  1.0000   -24.085  8.9E-12   0.00   1.50   0.00  -0.00   1.52
 17 -1.0  1.0  1.0000   -19.597  1.1E-12   0.00   0.50  -0.34   0.34   0.69
 30 -1.0 -1.0  1.0000   -19.597  5.7E-12   0.00  -0.50  -0.34  -0.34   0.69
  3  1.0  1.0  1.0000   -15.691 -2.8E-13   0.00  -0.50   1.28   1.28   2.27
 10  1.0 -1.0  1.0000   -15.691  7.4E-13   0.00   0.50   1.28  -1.28   2.27
 11  1.0 -1.0  1.0000   -13.780  9.1E-13   0.00  -1.50  -0.00   0.00   2.49
  4  1.0  1.0  1.0000   -13.780  2.4E-12   0.00   1.50  -0.00  -0.00   2.49
  9  1.0 -1.0  0.0000   -11.109  1.1E-11   0.00   2.50   0.00  -0.00   2.52
  2  1.0  1.0  1.0000   -11.109  1.2E-11   0.00  -2.50   0.00   0.00   2.52
 12  1.0 -1.0  0.0000    -9.251  1.0E-11   0.00   0.50   0.47  -0.47   1.25
  5  1.0  1.0  0.0000    -9.251  1.1E-11   0.00  -0.50   0.47   0.47   1.25
  6  1.0  1.0  0.0000    -6.322  6.1E-12   0.00  -0.50  -0.75  -0.75   1.40
 13  1.0 -1.0  0.0000    -6.322  6.6E-12   0.00   0.50  -0.75   0.75   1.40
 31 -1.0 -1.0  0.0000    -4.465  2.2E-12   0.00  -0.50   1.60   1.60   2.95
 18 -1.0  1.0  0.0000    -4.465  2.4E-12   0.00   0.50   1.60  -1.60   2.95
 14  1.0 -1.0  0.0000    -3.663  4.7E-12   0.00  -1.50   0.00  -0.00   1.57
  7  1.0  1.0  0.0000    -3.663  4.6E-12   0.00   1.50   0.00   0.00   1.57
 33 -1.0 -1.0  0.0000    -2.911  5.5E-12   0.00   1.50  -0.00  -0.00   3.31
 20 -1.0  1.0  0.0000    -2.911  5.6E-12   0.00  -1.50  -0.00   0.00   3.31
 19 -1.0  1.0  0.0000    -0.832  1.8E-10   0.00   2.50   0.00  -0.00   3.50
 32 -1.0 -1.0  0.0000    -0.832  1.8E-10   0.00  -2.50   0.00   0.00   3.50
 23 -1.0  1.0  0.0000    -0.235  1.8E-10   0.00   0.50   0.67  -0.67   2.01
 36 -1.0 -1.0  0.0000    -0.235  1.8E-10   0.00  -0.50   0.67   0.67   2.01
 35 -1.0 -1.0  0.0000     0.885  6.7E-06   0.00   1.48   0.10  -0.10   2.02
 22 -1.0  1.0  0.0000     0.885  6.7E-06   0.00  -1.48   0.10   0.10   2.02
 24 -1.0  1.0  0.0000     0.916  6.7E-06   0.00   0.48   0.05  -0.25   1.62
 37 -1.0 -1.0  0.0000     0.916  6.7E-06   0.00  -0.48   0.05   0.25   1.62
 26 -1.0  1.0  0.0000     1.040  1.8E-08   0.00   0.49  -0.50   0.50   2.22
 39 -1.0 -1.0  0.0000     1.040  1.8E-08   0.00  -0.49  -0.50  -0.50   2.22
 25 -1.0  1.0  0.0000     1.604  1.2E-08   0.00   0.50   0.49  -0.49   2.16
 38 -1.0 -1.0  0.0000     1.604  1.2E-08   0.00  -0.50   0.49   0.49   2.16
 34 -1.0 -1.0  0.0000     1.727  1.2E-08   0.00   3.47  -0.00  -0.00   3.51
 21 -1.0  1.0  0.0000     1.727  1.2E-08   0.00  -3.47  -0.00   0.00   3.51
 27 -1.0  1.0  0.0000     2.881  8.8E-07   0.00  -1.47  -0.04   0.12   2.44
 40 -1.0 -1.0  0.0000     2.881  8.8E-07   0.00   1.47  -0.04  -0.12   2.44
________________________________________________________________________________
   Proton  wavefunctions
  i    P   Rz   occ       E        d2h    Delta   JxT    JyT    Jz     J
--------------------- Sp wavefunctions -----------------------------------------
 48  1.0 -1.0  1.0000   -34.317  1.1E-12   0.00   0.50   0.50  -0.50   0.52
 41  1.0  1.0  1.0000   -34.317  1.3E-11   0.00  -0.50   0.50   0.50   0.52
 68 -1.0 -1.0  1.0000   -23.438  0.0E+00   0.00  -0.50   0.85   0.85   1.44
 55 -1.0  1.0  1.0000   -23.438  1.5E-12   0.00   0.50   0.85  -0.85   1.44
 56 -1.0  1.0  1.0000   -20.858  3.3E-12   0.02  -1.50  -0.00   0.00   1.52
 69 -1.0 -1.0  1.0000   -20.858  3.7E-12   0.02   1.50  -0.00  -0.00   1.52
 70 -1.0 -1.0  0.9948   -16.371  4.1E-12   1.04  -0.50  -0.35  -0.35   0.67
 57 -1.0  1.0  0.9948   -16.371  8.1E-12   1.04   0.50  -0.35   0.35   0.67
 43  1.0  1.0  0.9626   -12.116  3.6E-12   1.19  -0.50   1.30   1.30   2.29
 50  1.0 -1.0  0.9626   -12.116  3.2E-12   1.19   0.50   1.30  -1.30   2.29
 44  1.0  1.0  0.8394   -10.455  3.9E-12   1.34   1.50  -0.00  -0.00   2.49
 51  1.0 -1.0  0.8394   -10.455  5.5E-12   1.34  -1.50  -0.00   0.00   2.49
 42  1.0  1.0  0.1719    -8.025  1.3E-11   1.36  -2.50   0.00   0.00   2.52
 49  1.0 -1.0  0.1719    -8.025  1.4E-11   1.36   2.50   0.00  -0.00   2.52
 52  1.0 -1.0  0.0224    -5.774  1.3E-11   1.06   0.50   0.43  -0.43   1.21
 45  1.0  1.0  0.0224    -5.774  1.3E-11   1.06  -0.50   0.43   0.43   1.21
 53  1.0 -1.0  0.0079    -3.088  1.2E-11   1.09   0.50  -0.73   0.73   1.39
 46  1.0  1.0  0.0079    -3.088  1.2E-11   1.09  -0.50  -0.73  -0.73   1.39
 58 -1.0  1.0  0.0005    -0.947  5.0E-12   0.39   0.50   1.62  -1.62   2.98
 71 -1.0 -1.0  0.0005    -0.947  5.0E-12   0.39  -0.50   1.62   1.62   2.98
 47  1.0  1.0  0.0005    -0.683  9.6E-12   0.37   1.50   0.00   0.00   1.57
 54  1.0 -1.0  0.0005    -0.683  9.6E-12   0.37  -1.50   0.00  -0.00   1.57
 73 -1.0 -1.0  0.0000     0.451  9.3E-12   0.11   1.50  -0.00  -0.00   3.30
 60 -1.0  1.0  0.0000     0.451  9.3E-12   0.11  -1.50  -0.00   0.00   3.30
 79 -1.0 -1.0  0.0000     2.139  1.4E-08   0.00  -0.60  -0.48  -0.48   2.25
 66 -1.0  1.0  0.0000     2.139  1.4E-08   0.00   0.60  -0.48   0.48   2.25
 59 -1.0  1.0  0.0000     2.400  4.3E-06   0.02   2.39  -0.01   0.01   3.44
 72 -1.0 -1.0  0.0000     2.400  4.3E-06   0.02  -2.39  -0.01  -0.01   3.44
 76 -1.0 -1.0  0.0000     2.476  7.4E-06   0.01  -0.50   0.27   0.26   1.88
 63 -1.0  1.0  0.0000     2.476  7.4E-06   0.01   0.50   0.27  -0.26   1.88
 62 -1.0  1.0  0.0000     2.662  1.7E-06   0.00  -1.52  -0.12  -0.11   2.26
 75 -1.0 -1.0  0.0000     2.662  1.7E-06   0.00   1.52  -0.12   0.11   2.26
 77 -1.0 -1.0  0.0000     2.664  3.0E-06   0.01  -0.52   0.47   0.25   1.98
 64 -1.0  1.0  0.0000     2.664  3.0E-06   0.01   0.52   0.47  -0.25   1.98
 65 -1.0  1.0  0.0000     3.760  1.8E-11   0.00   0.50   0.63  -0.63   2.36
 78 -1.0 -1.0  0.0000     3.760  1.8E-11   0.00  -0.50   0.63   0.63   2.36
 61 -1.0  1.0  0.0000     4.671  1.9E-10   0.00  -3.21   0.00  -0.00   3.60
 74 -1.0 -1.0  0.0000     4.671  1.9E-10   0.00   3.21   0.00   0.00   3.60
 67 -1.0  1.0  0.0000     5.040  2.6E-04   0.00   0.00  -0.46   0.49   3.76
 80 -1.0 -1.0  0.0000     5.040  2.6E-04   0.00  -0.00  -0.46  -0.49   3.76
--------------------------------------------------------------------------------
--------------------- Canonical basis  -----------------------------------------
________________________________________________________________________________
   Neutron wavefunctions
  i    P   Rz   occ       E        d2h    Delta   JxT    JyT    Jz     J
 13  1.0 -1.0  1.0000   -35.000  0.0E+00   0.00   0.50   0.63  -0.64   1.01
  6  1.0  1.0  1.0000   -32.486  0.0E+00   0.00  -0.47   0.82   0.45   1.05
 38 -1.0 -1.0  1.0000   -27.065  0.0E+00   0.00  -0.50   0.88   0.91   1.47
 27 -1.0  1.0  1.0000   -26.643  0.0E+00   0.00   0.47   0.37  -0.72   1.29
 25 -1.0  1.0  1.0000   -24.115  0.0E+00   0.00  -1.47   0.17   0.16   1.51
 39 -1.0 -1.0  1.0000   -24.061  0.0E+00   0.00   1.49   0.05  -0.05   1.52
 26 -1.0  1.0  1.0000   -20.021  0.0E+00   0.00   0.50  -0.04   0.06   0.91
  7  1.0  1.0  1.0000   -19.725  0.0E+00   0.00  -0.50   1.27   1.06   2.11
 40 -1.0 -1.0  1.0000   -19.654  0.0E+00   0.00  -0.49  -0.43  -0.36   0.64
 14  1.0 -1.0  1.0000   -18.750  0.0E+00   0.00   0.49   0.96  -1.31   2.03
 12  1.0 -1.0  1.0000   -13.803  0.0E+00   0.00  -1.49   0.18   0.17   2.49
  4  1.0  1.0  1.0000   -13.256  0.0E+00   0.00   0.48  -1.13  -0.73   2.49
  5  1.0  1.0  1.0000   -13.194  0.0E+00   0.00  -1.52   0.81   1.00   2.43
 11  1.0 -1.0  0.0000   -11.101  0.0E+00   0.00   2.49   0.00  -0.00   2.51
  8  1.0 -1.0  0.0000    -9.259  0.0E+00   0.00   0.51   0.47  -0.47   1.26
  3  1.0  1.0  0.0000    -8.631  0.0E+00   0.00  -0.50   0.65   0.65   1.05
  1  1.0  1.0  0.0000    -6.942  0.0E+00   0.00  -0.50  -0.93  -0.93   1.56
 10  1.0 -1.0  0.0000    -6.322  0.0E+00   0.00   0.50  -0.75   0.75   1.40
 35 -1.0 -1.0  0.0000    -4.268  0.0E+00   0.00  -0.25   2.49   0.35   3.00
 17 -1.0  1.0  0.0000    -4.046  0.0E+00   0.00  -0.01   2.52   0.22   3.00
  9  1.0 -1.0  0.0000    -3.663  0.0E+00   0.00  -1.50   0.00  -0.00   1.57
  2  1.0  1.0  0.0000    -3.663  0.0E+00   0.00   1.50   0.00   0.00   1.57
 34 -1.0 -1.0  0.0000    -2.794  0.0E+00   0.00   1.08  -1.65   0.52   3.30
 19 -1.0  1.0  0.0000    -1.078  0.0E+00   0.00  -2.02  -0.56  -1.11   3.36
 18 -1.0  1.0  0.0000    -0.833  0.0E+00   0.00   2.50   0.10  -0.04   3.50
 36 -1.0 -1.0  0.0000    -0.772  0.0E+00   0.00  -1.96   1.16   0.04   3.49
 15 -1.0  1.0  0.0000    -0.482  0.0E+00   0.00  -2.38  -0.59  -0.85   3.44
 37 -1.0 -1.0  0.0000     0.221  0.0E+00   0.00   0.06  -0.20   1.12   2.01
 16 -1.0  1.0  0.0000     0.470  0.0E+00   0.00   0.10   1.47  -0.12   2.16
 24 -1.0  1.0  0.0000     0.481  0.0E+00   0.00  -0.81  -0.17  -0.60   1.95
 22 -1.0  1.0  0.0000     0.645  0.0E+00   0.00   0.22  -0.38   0.41   1.43
 28 -1.0 -1.0  0.0000     0.927  0.0E+00   0.00  -0.44   0.33   0.00   1.66
 31 -1.0 -1.0  0.0000     0.938  0.0E+00   0.00   0.72   0.62  -0.46   1.97
 21 -1.0  1.0  0.0000     1.040  0.0E+00   0.00   0.49  -0.50   0.50   2.22
 33 -1.0 -1.0  0.0000     1.040  0.0E+00   0.00  -0.49  -0.50  -0.50   2.22
 30 -1.0 -1.0  0.0000     1.089  0.0E+00   0.00  -0.31   0.56   0.64   2.19
 29 -1.0 -1.0  0.0000     1.348  0.0E+00   0.00   3.08  -0.39   0.69   3.49
 23 -1.0  1.0  0.0000     1.532  0.0E+00   0.00   0.43   0.51  -0.81   2.20
 20 -1.0  1.0  0.0000     2.881  0.0E+00   0.00  -1.47  -0.04   0.12   2.44
 32 -1.0 -1.0  0.0000     2.881  0.0E+00   0.00   1.47  -0.04  -0.12   2.44
________________________________________________________________________________
   Proton  wavefunctions
  i    P   Rz   occ       E        d2h    Delta   JxT    JyT    Jz     J
--------------------- Sp wavefunctions -----------------------------------------
 54  1.0 -1.0  1.0000   -34.317  0.0E+00   0.00   0.50   0.50  -0.50   0.52
 47  1.0  1.0  1.0000   -34.317  0.0E+00   0.00  -0.50   0.50   0.50   0.52
 80 -1.0 -1.0  1.0000   -23.438  0.0E+00   0.00  -0.50   0.85   0.85   1.44
 67 -1.0  1.0  1.0000   -23.438  0.0E+00   0.00   0.50   0.85  -0.85   1.44
 66 -1.0  1.0  1.0000   -20.858  0.0E+00   0.00  -1.50   0.00   0.00   1.52
 79 -1.0 -1.0  1.0000   -20.858  0.0E+00   0.00   1.50   0.00  -0.00   1.52
 78 -1.0 -1.0  0.9948   -16.371  0.0E+00   0.00  -0.50  -0.35  -0.35   0.67
 65 -1.0  1.0  0.9948   -16.371  0.0E+00   0.00   0.50  -0.35   0.35   0.67
 46  1.0  1.0  0.9626   -12.116  0.0E+00   0.00  -0.50   1.30   1.30   2.29
 53  1.0 -1.0  0.9626   -12.116  0.0E+00   0.00   0.50   1.30  -1.30   2.29
 45  1.0  1.0  0.8394   -10.455  0.0E+00   0.00   1.50  -0.00  -0.00   2.49
 52  1.0 -1.0  0.8394   -10.455  0.0E+00   0.00  -1.50  -0.00   0.00   2.49
 44  1.0  1.0  0.1719    -8.025  0.0E+00   0.00  -2.50   0.00   0.00   2.52
 51  1.0 -1.0  0.1719    -8.025  0.0E+00   0.00   2.50   0.00  -0.00   2.52
 50  1.0 -1.0  0.0228    -5.717  0.0E+00   0.00   0.50   0.25  -0.25   1.29
 43  1.0  1.0  0.0228    -5.717  0.0E+00   0.00  -0.50   0.25   0.25   1.29
 49  1.0 -1.0  0.0075    -3.145  0.0E+00   0.00   0.50  -0.55   0.55   1.31
 42  1.0  1.0  0.0075    -3.145  0.0E+00   0.00  -0.50  -0.55  -0.55   1.31
 77 -1.0 -1.0  0.0005    -0.943  0.0E+00   0.00  -0.50   1.65   1.65   3.02
 64 -1.0  1.0  0.0005    -0.943  0.0E+00   0.00   0.50   1.65  -1.65   3.02
 41  1.0  1.0  0.0005    -0.683  0.0E+00   0.00   1.50   0.00   0.00   1.57
 48  1.0 -1.0  0.0005    -0.683  0.0E+00   0.00  -1.50   0.00  -0.00   1.57
 63 -1.0  1.0  0.0000     0.454  0.0E+00   0.00  -1.50  -0.00   0.00   3.32
 76 -1.0 -1.0  0.0000     0.454  0.0E+00   0.00   1.50  -0.00  -0.00   3.32
 62 -1.0  1.0  0.0000     2.387  0.0E+00   0.00   2.50   0.00  -0.00   3.50
 75 -1.0 -1.0  0.0000     2.387  0.0E+00   0.00  -2.50   0.00   0.00   3.50
 58 -1.0  1.0  0.0000     2.665  0.0E+00   0.00   0.57   0.11  -0.09   1.84
 71 -1.0 -1.0  0.0000     2.665  0.0E+00   0.00  -0.57   0.11   0.09   1.84
 59 -1.0  1.0  0.0000     2.729  0.0E+00   0.00  -1.48   0.01  -0.03   2.28
 72 -1.0 -1.0  0.0000     2.729  0.0E+00   0.00   1.48   0.01   0.03   2.28
 68 -1.0 -1.0  0.0000     2.881  0.0E+00   0.00  -0.54  -0.50  -0.49   2.60
 55 -1.0  1.0  0.0000     2.887  0.0E+00   0.00   0.54  -0.50   0.49   2.60
 74 -1.0 -1.0  0.0000     2.969  0.0E+00   0.00  -0.50   0.65   0.65   1.93
 61 -1.0  1.0  0.0000     2.969  0.0E+00   0.00   0.50   0.65  -0.65   1.93
 70 -1.0 -1.0  0.0000     3.267  0.0E+00   0.00  -0.50   0.49   0.48   2.37
 57 -1.0  1.0  0.0000     3.267  0.0E+00   0.00   0.50   0.49  -0.48   2.37
 56 -1.0  1.0  0.0000     4.235  0.0E+00   0.00  -0.09  -0.48   0.51   3.43
 69 -1.0 -1.0  0.0000     4.241  0.0E+00   0.00   0.09  -0.48  -0.51   3.43
 73 -1.0 -1.0  0.0000     4.667  0.0E+00   0.00   3.25  -0.00  -0.00   3.60
 60 -1.0  1.0  0.0000     4.667  0.0E+00   0.00  -3.25  -0.00   0.00   3.60
--------------------------------------------------------------------------------
---------------------------------Quasiparticles---------------------------------
Block 1:  P=+1  neutrons
  N      Eqp     f_n
________________________________________________________________________________
  1    -26.80    0.00E+00
  2     -7.62    0.00E+00
  3     -4.96    0.00E+00
  4     -4.41    0.00E+00
  5     -2.49    0.00E+00
  6     -2.03    0.00E+00
  7     -0.18    0.00E+00
  8    -26.80    0.00E+00
  9     -7.62    0.00E+00
 10     -4.96    0.00E+00
 11     -4.41    0.00E+00
 12     -2.49    0.00E+00
 13     -2.03    0.00E+00
 14     -0.18    1.00E+00
 15      0.18    0.00E+00
 16      2.03    1.00E+00
 17      2.49    1.00E+00
 18      4.41    1.00E+00
 19      4.96    1.00E+00
 20      7.62    1.00E+00
 21     26.80    1.00E+00
 22      0.18    1.00E+00
 23      2.03    1.00E+00
 24      2.49    1.00E+00
 25      4.41    1.00E+00
 26      4.96    1.00E+00
 27      7.62    1.00E+00
 28     26.80    1.00E+00

Block 3:  P=-1  neutrons
  N      Eqp     f_n
________________________________________________________________________________
  1    -15.81    0.00E+00
  2    -14.17    0.00E+00
  3    -13.01    0.00E+00
  4    -12.89    0.00E+00
  5    -12.80    0.00E+00
  6    -12.32    0.00E+00
  7    -12.20    0.00E+00
  8    -12.17    0.00E+00
  9    -11.05    0.00E+00
 10    -10.45    0.00E+00
 11     -8.37    0.00E+00
 12     -8.31    0.00E+00
 13     -6.82    0.00E+00
 14    -15.81    0.00E+00
 15    -14.17    0.00E+00
 16    -13.01    0.00E+00
 17    -12.89    0.00E+00
 18    -12.80    0.00E+00
 19    -12.32    0.00E+00
 20    -12.20    0.00E+00
 21    -12.17    0.00E+00
 22    -11.05    0.00E+00
 23    -10.45    0.00E+00
 24     -8.37    0.00E+00
 25     -8.31    0.00E+00
 26     -6.82    0.00E+00
 27      6.82    1.00E+00
 28      8.31    1.00E+00
 29      8.37    1.00E+00
 30     10.45    1.00E+00
 31     11.05    1.00E+00
 32     12.17    1.00E+00
 33     12.20    1.00E+00
 34     12.32    1.00E+00
 35     12.80    1.00E+00
 36     12.89    1.00E+00
 37     13.01    1.00E+00
 38     14.17    1.00E+00
 39     15.81    1.00E+00
 40      6.82    1.00E+00
 41      8.31    1.00E+00
 42      8.37    1.00E+00
 43     10.45    1.00E+00
 44     11.05    1.00E+00
 45     12.17    1.00E+00
 46     12.20    1.00E+00
 47     12.32    1.00E+00
 48     12.80    1.00E+00
 49     12.89    1.00E+00
 50     13.01    1.00E+00
 51     14.17    1.00E+00
 52     15.81    1.00E+00

Block 5:  P=+1   protons
  N      Eqp     f_n
________________________________________________________________________________
  1    -25.11    0.00E+00
  2     -8.54    0.00E+00
  3     -6.22    0.00E+00
  4     -3.63    0.00E+00
  5     -3.11    0.00E+00
  6     -1.83    0.00E+00
  7     -1.81    0.00E+00
  8    -25.11    0.00E+00
  9     -8.54    0.00E+00
 10     -6.22    0.00E+00
 11     -3.63    0.00E+00
 12     -3.11    0.00E+00
 13     -1.83    0.00E+00
 14     -1.81    0.00E+00
 15      1.81    1.00E+00
 16      1.83    1.00E+00
 17      3.11    1.00E+00
 18      3.63    1.00E+00
 19      6.22    1.00E+00
 20      8.54    1.00E+00
 21     25.11    1.00E+00
 22      1.81    1.00E+00
 23      1.83    1.00E+00
 24      3.11    1.00E+00
 25      3.63    1.00E+00
 26      6.22    1.00E+00
 27      8.54    1.00E+00
 28     25.11    1.00E+00

Block 7:  P=-1   protons
  N      Eqp     f_n
________________________________________________________________________________
  1    -14.25    0.00E+00
  2    -14.23    0.00E+00
  3    -13.88    0.00E+00
  4    -12.97    0.00E+00
  5    -11.88    0.00E+00
  6    -11.87    0.00E+00
  7    -11.69    0.00E+00
  8    -11.65    0.00E+00
  9    -11.61    0.00E+00
 10    -11.35    0.00E+00
 11     -9.66    0.00E+00
 12     -8.27    0.00E+00
 13     -7.23    0.00E+00
 14    -14.25    0.00E+00
 15    -14.23    0.00E+00
 16    -13.88    0.00E+00
 17    -12.97    0.00E+00
 18    -11.88    0.00E+00
 19    -11.87    0.00E+00
 20    -11.69    0.00E+00
 21    -11.65    0.00E+00
 22    -11.61    0.00E+00
 23    -11.35    0.00E+00
 24     -9.66    0.00E+00
 25     -8.27    0.00E+00
 26     -7.23    0.00E+00
 27      7.23    1.00E+00
 28      8.27    1.00E+00
 29      9.66    1.00E+00
 30     11.35    1.00E+00
 31     11.61    1.00E+00
 32     11.65    1.00E+00
 33     11.69    1.00E+00
 34     11.87    1.00E+00
 35     11.88    1.00E+00
 36     12.97    1.00E+00
 37     13.88    1.00E+00
 38     14.23    1.00E+00
 39     14.25    1.00E+00
 40      7.23    1.00E+00
 41      8.27    1.00E+00
 42      9.66    1.00E+00
 43     11.35    1.00E+00
 44     11.61    1.00E+00
 45     11.65    1.00E+00
 46     11.69    1.00E+00
 47     11.87    1.00E+00
 48     11.88    1.00E+00
 49     12.97    1.00E+00
 50     13.88    1.00E+00
 51     14.23    1.00E+00
 52     14.25    1.00E+00

--------------------------------------------------------------------------------
---------------- Electric Multipole Moments -----------------
Quantisation Axis             : Z
  With secondary axis ordering: X,Y
______________________________________________________________
                     Neutrons        Protons         Total
______________________________________________________________
 Particles           13.0000         12.0000         25.0000

Re  Q_{ 2 0}         -6.3616         -6.3229        -12.6845
Re  Q_{ 2 2}          7.7933          7.7456         15.5388

Re  Q_{ 4 0}         10.4099         11.1122         21.5220
Re  Q_{ 4 2}        -11.6259        -12.2781        -23.9041
Re  Q_{ 4 4}         15.0193         15.9322         30.9514

Re  Q_{ 6 0}        -11.0969        -14.0425        -25.1395
Re  Q_{ 6 2}         10.8043         13.6799         24.4842
Re  Q_{ 6 4}        -10.8050        -13.6958        -24.5008
Re  Q_{ 6 6}         16.0670         20.3346         36.4016

Re  Q_{ 8 0}         52.7390         77.7216        130.4606
Re  Q_{ 8 2}         32.0155         41.0443         73.0598
Re  Q_{ 8 4}        -25.5930        -15.1736        -40.7666
Re  Q_{ 8 6}         73.8711         73.4043        147.2754
Re  Q_{ 8 8}        -13.8675         -5.5244        -19.3919

Re  Q_{10 0}       3025.2124       2804.8096       5830.0220
Re  Q_{10 2}       -556.8061       -886.1302      -1442.9363
Re  Q_{10 4}      -1779.1333      -1195.5618      -2974.6951
Re  Q_{10 6}      -1099.6394       -362.7943      -1462.4337
Re  Q_{10 8}      -1777.3094      -1843.4651      -3620.7745
Re  Q_{1010}      -1075.4780      -1335.2041      -2410.6821

 RMS radius           2.9888          3.0251          3.0063
______________________________________________________________
                     Neutrons        Protons         Total
______________________________________________________________

Beta_{ 2 0}      -0.08657530     -0.08604827     -0.17262357
Beta_{ 2 2}       0.10605879      0.10540932      0.21146811

Beta_{ 4 0}       0.01150663      0.01228295      0.02378958
Beta_{ 4 2}      -0.01285083     -0.01357175     -0.02642258
Beta_{ 4 4}       0.01660169      0.01761079      0.03421248

Beta_{ 6 0}      -0.00099629     -0.00126074     -0.00225703
Beta_{ 6 2}       0.00097001      0.00122819      0.00219820
Beta_{ 6 4}      -0.00097007     -0.00122961     -0.00219969
Beta_{ 6 6}       0.00144250      0.00182564      0.00326815

Beta_{ 8 0}       0.00038458      0.00056676      0.00095134
Beta_{ 8 2}       0.00023346      0.00029930      0.00053277
Beta_{ 8 4}      -0.00018663     -0.00011065     -0.00029728
Beta_{ 8 6}       0.00053868      0.00053528      0.00107396
Beta_{ 8 8}      -0.00010112     -0.00004028     -0.00014141

Beta_{10 0}       0.00179181      0.00166127      0.00345308
Beta_{10 2}      -0.00032979     -0.00052485     -0.00085464
Beta_{10 4}      -0.00105377     -0.00070812     -0.00176189
Beta_{10 6}      -0.00065131     -0.00021488     -0.00086619
Beta_{10 8}      -0.00105269     -0.00109187     -0.00214456
Beta_{1010}      -0.00063700     -0.00079083     -0.00142783

______________________________________________________________
                     Neutrons        Protons         Total
______________________________________________________________
Q_{ 2}               12.7256         12.6478         25.3734
Q_{ 4}               28.8071         30.5394         59.3464
Q_{ 6}               33.2626         42.1143         75.3769
Q_{ 8}              132.0602        143.9020        274.1376
Q_{10}             5210.7566       4787.6563       9898.0364
______________________________________________________________
                     Neutrons        Protons         Total
______________________________________________________________
Beta_{   2}       0.17318261      0.17212366      0.34530626
Beta_{   4}       0.03184215      0.03375701      0.06559907
Beta_{   6}       0.00298633      0.00378104      0.00676736
Beta_{   8}       0.00096301      0.00104936      0.00199907
Beta_{  10}       0.00308629      0.00283569      0.00586253
______________________________________________________________
 Cart. Moments X              Y              Z
 Cart. N       40.3485654    -20.1780111    -20.1705542
 Cart. P       40.1018476    -20.0540834    -20.0477642
 Cart. T       80.4504129    -40.2320945    -40.2183184
 (Q, gamma)    Q              Gamma
 (Q,g) N       40.3485656    119.9938865
 (Q,g) P       40.1018477    119.9947873
 (Q,g) T       80.4504133    119.9943355
 (iq1, iq2)    iq1            iq2
 iq    N      -40.3460797     40.3510510
 iq    P      -40.0997412     40.1039540
 iq    T      -80.4458209     80.4550049
               X^2            Y^2            Z^2
 X^2_i N       52.1590586     31.9835331     31.9860187
 X^2_i P       48.8596306     28.8076536     28.8097600
 X^2_i T      101.0186891     60.7911866     60.7957787
------------------------------------------------------------
---------------------Rotational properties--------------------
                Rigid rotor          (hbar^2/MeV)
              n              p              t 
 I_R X       1.5425115      1.3893410      2.9318525
 I_R Y       2.0290083      1.8728586      3.9018669
 I_R Z       2.0289483      1.8728078      3.9017562

                Belyaev                 (hbar^2/MeV) 
              n              p              t 
 I_B X       0.0000299      0.0000198      0.0000497
 I_B Y       1.3668639      0.9423945      2.3092583
 I_B Z       1.3669651      0.9424778      2.3094429

                Belyaev (collective)    (hbar^2/MeV) 
              n              p              t 
 I_B X       0.0000000      0.0000198      0.0000198
 I_B Y       0.4479719      0.9423945      1.3903663
 I_B Z       0.4482792      0.9424778      1.3907569

                 <J^2> - <J>^2          (hbar^2)
              n              p              t 
 J2_X        6.2496381      0.0000385      6.2496766
 J2_Y        2.5096539      2.1428317      4.6524855
 J2_Z        2.5101557      2.1432480      4.6534037
 J2_t       11.2694477      4.2861181     15.5555658

                 <J^2> - <J>^2 (coll.)  (hbar^2)
              n              p              t 
 J2_X        0.0000000      0.0000385      0.0000385
 J2_Y        1.2652075      2.1428317      3.4080392
 J2_Z        1.2659910      2.1432480      3.4092389
 J2_t        2.5311985      4.2861181      6.8173167
------------------------- Angular Momentum (hbar) --------------------------

               Spwfs(*)    Desired     Omega       E (MeV)      Densit. 
  __________________________________________________________________________
   J_x   |     0.00000     0.00000     0.00000    -0.00000     0.00000
   J_y   |     0.00000     0.00000     0.00000    -0.00000     0.00000
   J_z   |     0.00189     0.00000     0.00000    -0.00000     0.00189
  __________________________________________________________________________
   Size  |     0.00189     0.00000     0.00000                 0.00189
  --------------------------------------------------------------------------
-------------------------- Pairing -------------------------
                          N         P 
 Fermi Level (MeV)    -11.28518867    -9.21144105
 Particles             13.00000000    11.99999999
 Dispersion            -0.00000000     0.69832338
 Average gap   v^2      0.00000011     0.59998980
 Average gap   uv              NaN     1.22229241

 HFB convergence:   (N,+)    (N,-)    (P,+)    (P,-)
  r^2-r+k*k^T    =  2.28E-15 4.71E-15 1.97E-15 2.94E-15
  r*k-k*r        =  1.45E-15 5.35E-16 9.95E-16 1.52E-15
 overlap rho,kap =  1.00E+00 1.00E+00
------------------------------------------------------------
--------------------------------------------------------------------------------
 Skyrme Energy 
                                    Isoscalar      Isovector   |   Total
--------------------------------------------------------------------------------
                 E_D_I_I_D_I_I   -1776.249189       1.100746   -1775.148443
               E_D_I_I_D_Nm_Nm      41.647782      -0.080869      41.566913
               E_D_I_Sm_D_I_Sm       0.000000       0.000000       0.000000
             E_D_I_I_Lap_D_I_I      73.295062       0.011681      73.306743
              E_D_I_I_D_I_I_DD    1030.858252      -0.545824    1030.312429
           E_C_I_NmSk_C_I_NmSk       0.000000       0.000000       0.000000
               E_C_I_Nm_C_I_Nm       0.000000       0.000000       0.000000
       E_D_I_I_Derm_C_I_NxmSxm     -26.080822      -0.022811     -26.103633
               E_DP_I_I_DP_I_I                                    -1.582525
--------------------------------------------------------------------------------
                 Total Skyrme:                                  -657.648516
                    time-even:                                  -657.648516
                    time-odd :                                     0.000000
--------------------------------------------------------------------------------
--------------------------------------------------------------------------------
                                     neutron        proton         total
                Kinetic Energy:     229.605457     203.393875     432.999332
                    COM 1-body:      -9.184218      -8.135755     -17.319973
                    COM 2-body:       4.077188       3.486816       7.564005
                            ph:       4.077188       3.468032       7.545221
                            pp:       0.000000       0.018784       0.018784
                  Rotational X:                                    -0.000090
                  Rotational Y:                                    -1.139797
                  Rotational Z:                                    -1.139878

                Coulomb Direct:       0.000000      32.921140      32.921140
                      Exchange:       0.000000       0.000000       0.000000

               Pairing (delta):       0.000000      -1.582525      -1.582525
               Pairing (densi):                                    -1.582525
--------------------------------------------------------------------------------
                  Total energy:                                  -203.763779
                    from spwfs:                                  -203.763779
                   E_fu - E_sp:                                 0.610810E-07
                   (no corr.) :                                  -201.484013
                      Routhian:                                  -203.763779
--------------------------------------------------------------------------------
 Blocked           1
--------------------------------------------------------------------------------
 Iteration =    1
 dt  =   0.0203      mu  =   0.0000  D2H =  0.6E-11
 E   =   -203.764    DE  =  0.55263E-09
 dmun=  0.0E+00      dmup=  0.0E+00
 Q20 =     -12.6845  Q22 =      15.5388 dQ20=  0.5E-06      dQ22=  0.4E-06
 Jz  =    0.002      dJZ =  0.0E+00
 Blocked           1
--------------------------------------------------------------------------------
 Iteration =    2
 dt  =   0.0383      mu  =   0.8896  D2H =  0.6E-11
 E   =   -203.764    DE  =  0.17216E-11
 dmun=  0.0E+00      dmup=  0.0E+00
 Q20 =     -12.6845  Q22 =      15.5388 dQ20=  0.6E-06      dQ22=  0.3E-06
 Jz  =    0.002      dJZ =  0.8E-11
 Blocked           1
--------------------------------------------------------------------------------
 Iteration =    3
 dt  =   0.0383      mu  =   0.8896  D2H =  0.7E-11
 E   =   -203.764    DE  =  0.58113E-11
 dmun=  0.0E+00      dmup=  0.0E+00
 Q20 =     -12.6845  Q22 =      15.5388 dQ20=  0.1E-05      dQ22=  0.5E-06
 Jz  =    0.002      dJZ =  0.2E-10
 Blocked           1
--------------------------------------------------------------------------------
 Iteration =    4
 dt  =   0.0383      mu  =   0.8896  D2H =  0.7E-11
 E   =   -203.764    DE  =  0.65661E-11
 dmun=  0.0E+00      dmup=  0.0E+00
 Q20 =     -12.6845  Q22 =      15.5388 dQ20=  0.2E-05      dQ22=  0.6E-06
 Jz  =    0.002      dJZ =  0.4E-10
 Blocked           1
--------------------------------------------------------------------------------
 Iteration =    5
 dt  =   0.0383      mu  =   0.8896  D2H =  0.6E-11
 E   =   -203.764    DE  =  0.58639E-11
 dmun=  0.0E+00      dmup=  0.0E+00
 Q20 =     -12.6845  Q22 =      15.5388 dQ20=  0.2E-05      dQ22=  0.8E-06
 Jz  =    0.002      dJZ =  0.6E-10
 Blocked           1
--------------------- Sp wavefunctions -----------------------------------------
________________________________________________________________________________
   Neutron wavefunctions
  i    P   Rz   occ       E        d2h    Delta   JxT    JyT    Jz     J
--------------------- Sp wavefunctions -----------------------------------------
  8  1.0 -1.0  1.0000   -38.082  4.1E-12   0.00   0.50   0.50  -0.50   0.52
  1  1.0  1.0  1.0000   -38.082  1.1E-11   0.00  -0.50   0.50   0.50   0.52
 15 -1.0  1.0  1.0000   -27.098  6.8E-13   0.00   0.50   0.83  -0.83   1.44
 28 -1.0 -1.0  1.0000   -27.098  1.5E-12   0.00  -0.50   0.83   0.83   1.44
 16 -1.0  1.0  1.0000   -24.085 -1.6E-12   0.00  -1.50   0.00   0.00   1.52
 29 -1.0 -1.0  1.0000   -24.085  1.1E-11   0.00   1.50   0.00  -0.00   1.52
 17 -1.0  1.0  1.0000   -19.597  5.1E-12   0.00   0.50  -0.34   0.34   0.69
 30 -1.0 -1.0  1.0000   -19.597  5.5E-12   0.00  -0.50  -0.34  -0.34   0.69
 10  1.0 -1.0  1.0000   -15.691  1.4E-12   0.00   0.50   1.28  -1.28   2.27
  3  1.0  1.0  1.0000   -15.691  2.0E-12   0.00  -0.50   1.28   1.28   2.27
  4  1.0  1.0  1.0000   -13.780  2.0E-12   0.00   1.50  -0.00  -0.00   2.49
 11  1.0 -1.0  1.0000   -13.780  3.7E-12   0.00  -1.50  -0.00   0.00   2.49
  9  1.0 -1.0  0.0000   -11.109  1.4E-11   0.00   2.50   0.00  -0.00   2.52
  2  1.0  1.0  1.0000   -11.109  1.5E-11   0.00  -2.50   0.00   0.00   2.52
 12  1.0 -1.0  0.0000    -9.251  1.4E-11   0.00   0.50   0.47  -0.47   1.25
  5  1.0  1.0  0.0000    -9.251  1.6E-11   0.00  -0.50   0.47   0.47   1.25
 13  1.0 -1.0  0.0000    -6.322  9.0E-12   0.00   0.50  -0.75   0.75   1.40
  6  1.0  1.0  0.0000    -6.322  9.2E-12   0.00  -0.50  -0.75  -0.75   1.40
 31 -1.0 -1.0  0.0000    -4.465  2.9E-12   0.00  -0.50   1.60   1.60   2.95
 18 -1.0  1.0  0.0000    -4.465  3.1E-12   0.00   0.50   1.60  -1.60   2.95
  7  1.0  1.0  0.0000    -3.663  6.5E-12   0.00   1.50   0.00   0.00   1.57
 14  1.0 -1.0  0.0000    -3.663  6.5E-12   0.00  -1.50   0.00  -0.00   1.57
 33 -1.0 -1.0  0.0000    -2.911  7.3E-12   0.00   1.50  -0.00  -0.00   3.31
 20 -1.0  1.0  0.0000    -2.911  7.4E-12   0.00  -1.50  -0.00   0.00   3.31
 19 -1.0  1.0  0.0000    -0.832  1.8E-10   0.00   2.50   0.00  -0.00   3.50
 32 -1.0 -1.0  0.0000    -0.832  1.8E-10   0.00  -2.50   0.00   0.00   3.50
 23 -1.0  1.0  0.0000    -0.235  1.8E-10   0.00   0.50   0.67  -0.67   2.01
 36 -1.0 -1.0  0.0000    -0.235  1.8E-10   0.00  -0.50   0.67   0.67   2.01
 22 -1.0  1.0  0.0000     0.885  6.7E-06   0.00  -1.48   0.10   0.10   2.02
 35 -1.0 -1.0  0.0000     0.885  6.7E-06   0.00   1.48   0.10  -0.10   2.02
 24 -1.0  1.0  0.0000     0.916  6.7E-06   0.00   0.48   0.05  -0.25   1.62
 37 -1.0 -1.0  0.0000     0.916  6.7E-06   0.00  -0.48   0.05   0.25   1.62
 39 -1.0 -1.0  0.0000     1.040  1.8E-08   0.00  -0.49  -0.50  -0.50   2.22
 26 -1.0  1.0  0.0000     1.040  1.8E-08   0.00   0.49  -0.50   0.50   2.22
 38 -1.0 -1.0  0.0000     1.604  1.2E-08   0.00  -0.50   0.49   0.49   2.16
 25 -1.0  1.0  0.0000     1.604  1.2E-08   0.00   0.50   0.49  -0.49   2.16
 21 -1.0  1.0  0.0000     1.727  1.2E-08   0.00  -3.47  -0.00   0.00   3.51
 34 -1.0 -1.0  0.0000     1.727  1.2E-08   0.00   3.47  -0.00  -0.00   3.51
 40 -1.0 -1.0  0.0000     2.881  8.8E-07   0.00   1.47  -0.04  -0.12   2.44
 27 -1.0  1.0  0.0000     2.881  8.8E-07   0.00  -1.47  -0.04   0.12   2.44
________________________________________________________________________________
   Proton  wavefunctions
  i    P   Rz   occ       E        d2h    Delta   JxT    JyT    Jz     J
--------------------- Sp wavefunctions -----------------------------------------
 48  1.0 -1.0  1.0000   -34.317  1.8E-11   0.00   0.50   0.50  -0.50   0.52
 41  1.0  1.0  1.0000   -34.317  3.0E-11   0.00  -0.50   0.50   0.50   0.52
 68 -1.0 -1.0  1.0000   -23.438 -2.4E-12   0.00  -0.50   0.85   0.85   1.44
 55 -1.0  1.0  1.0000   -23.438 -9.1E-13   0.00   0.50   0.85  -0.85   1.44
 56 -1.0  1.0  1.0000   -20.858  7.3E-12   0.02  -1.50  -0.00   0.00   1.52
 69 -1.0 -1.0  1.0000   -20.858  6.8E-12   0.02   1.50  -0.00  -0.00   1.52
 57 -1.0  1.0  0.9948   -16.371  4.3E-12   1.04   0.50  -0.35   0.35   0.67
 70 -1.0 -1.0  0.9948   -16.371  4.9E-12   1.04  -0.50  -0.35  -0.35   0.67
 43  1.0  1.0  0.9626   -12.116  2.1E-12   1.19  -0.50   1.30   1.30   2.29
 50  1.0 -1.0  0.9626   -12.116  3.4E-12   1.19   0.50   1.30  -1.30   2.29
 51  1.0 -1.0  0.8394   -10.455  6.9E-12   1.34  -1.50  -0.00   0.00   2.49
 44  1.0  1.0  0.8394   -10.455  7.2E-12   1.34   1.50  -0.00  -0.00   2.49
 42  1.0  1.0  0.1719    -8.025  1.7E-11   1.36  -2.50   0.00   0.00   2.52
 49  1.0 -1.0  0.1719    -8.025  1.8E-11   1.36   2.50   0.00  -0.00   2.52
 52  1.0 -1.0  0.0224    -5.774  1.7E-11   1.06   0.50   0.43  -0.43   1.21
 45  1.0  1.0  0.0224    -5.774  1.7E-11   1.06  -0.50   0.43   0.43   1.21
 53  1.0 -1.0  0.0079    -3.088  1.6E-11   1.09   0.50  -0.73   0.73   1.39
 46  1.0  1.0  0.0079    -3.088  1.6E-11   1.09  -0.50  -0.73  -0.73   1.39
 58 -1.0  1.0  0.0005    -0.947  6.1E-12   0.39   0.50   1.62  -1.62   2.98
 71 -1.0 -1.0  0.0005    -0.947  6.1E-12   0.39  -0.50   1.62   1.62   2.98
 54  1.0 -1.0  0.0005    -0.683  1.3E-11   0.37  -1.50   0.00  -0.00   1.57
 47  1.0  1.0  0.0005    -0.683  1.3E-11   0.37   1.50   0.00   0.00   1.57
 60 -1.0  1.0  0.0000     0.451  1.2E-11   0.11  -1.50  -0.00   0.00   3.30
 73 -1.0 -1.0  0.0000     0.451  1.2E-11   0.11   1.50  -0.00  -0.00   3.30
 79 -1.0 -1.0  0.0000     2.139  1.3E-08   0.00  -0.60  -0.48  -0.48   2.25
 66 -1.0  1.0  0.0000     2.139  1.3E-08   0.00   0.60  -0.48   0.48   2.25
 59 -1.0  1.0  0.0000     2.400  4.2E-06   0.02   2.39  -0.01   0.01   3.44
 72 -1.0 -1.0  0.0000     2.400  4.2E-06   0.02  -2.39  -0.01  -0.01   3.44
 76 -1.0 -1.0  0.0000     2.476  7.1E-06   0.01  -0.50   0.27   0.26   1.88
 63 -1.0  1.0  0.0000     2.476  7.1E-06   0.01   0.50   0.27  -0.26   1.88
 62 -1.0  1.0  0.0000     2.662  1.7E-06   0.00  -1.52  -0.12  -0.11   2.26
 75 -1.0 -1.0  0.0000     2.662  1.7E-06   0.00   1.52  -0.12   0.11   2.26
 77 -1.0 -1.0  0.0000     2.664  2.9E-06   0.01  -0.52   0.47   0.25   1.98
 64 -1.0  1.0  0.0000     2.664  2.9E-06   0.01   0.52   0.47  -0.25   1.98
 78 -1.0 -1.0  0.0000     3.760  2.1E-11   0.00  -0.50   0.63   0.63   2.36
 65 -1.0  1.0  0.0000     3.760  2.1E-11   0.00   0.50   0.63  -0.63   2.36
 61 -1.0  1.0  0.0000     4.671  1.9E-10   0.00  -3.21   0.00  -0.00   3.60
 74 -1.0 -1.0  0.0000     4.671  1.9E-10   0.00   3.21   0.00   0.00   3.60
 80 -1.0 -1.0  0.0000     5.040  2.5E-04   0.00  -0.01  -0.46  -0.49   3.76
 67 -1.0  1.0  0.0000     5.040  2.5E-04   0.00   0.01  -0.46   0.49   3.76
--------------------------------------------------------------------------------
--------------------- Canonical basis  -----------------------------------------
________________________________________________________________________________
   Neutron wavefunctions
  i    P   Rz   occ       E        d2h    Delta   JxT    JyT    Jz     J
 14  1.0 -1.0  1.0000   -37.111  0.0E+00   0.00   0.48   0.48  -0.53   0.58
  7  1.0  1.0  1.0000   -27.838  0.0E+00   0.00  -0.35   0.88  -0.13   1.63
 40 -1.0 -1.0  1.0000   -27.066  0.0E+00   0.00  -0.48   0.66   1.00   1.44
 27 -1.0  1.0  1.0000   -26.012  0.0E+00   0.00  -0.20   1.39   0.22   1.49
 26 -1.0  1.0  1.0000   -24.863  0.0E+00   0.00  -0.77  -0.47  -1.21   1.52
 39 -1.0 -1.0  1.0000   -23.690  0.0E+00   0.00   1.29   0.32  -0.31   1.47
  5  1.0  1.0  1.0000   -23.660  0.0E+00   0.00  -0.36   0.35  -0.53   1.79
 38 -1.0 -1.0  1.0000   -20.024  0.0E+00   0.00  -0.31  -0.48  -0.19   0.76
 25 -1.0  1.0  1.0000   -19.904  0.0E+00   0.00   0.47  -0.43   0.49   0.59
 12  1.0 -1.0  1.0000   -16.482  0.0E+00   0.00   0.36   0.53  -1.82   2.27
  4  1.0  1.0  1.0000   -14.997  0.0E+00   0.00   0.45  -0.59   1.90   2.35
 13  1.0 -1.0  1.0000   -13.960  0.0E+00   0.00  -1.34   0.77   0.58   2.47
  6  1.0  1.0  1.0000   -12.166  0.0E+00   0.00  -1.74   1.13   0.53   2.47
 10  1.0 -1.0  0.0000   -11.071  0.0E+00   0.00   2.47   0.01  -0.01   2.50
 11  1.0 -1.0  0.0000    -9.242  0.0E+00   0.00   0.53   0.57  -0.57   1.22
  3  1.0  1.0  0.0000    -9.068  0.0E+00   0.00  -0.50   0.13   0.13   1.38
  1  1.0  1.0  0.0000    -6.505  0.0E+00   0.00  -0.50  -0.41  -0.41   1.27
  9  1.0 -1.0  0.0000    -6.369  0.0E+00   0.00   0.50  -0.86   0.86   1.46
 22 -1.0  1.0  0.0000    -3.711  0.0E+00   0.00   0.19   0.07  -1.82   2.43
  2  1.0  1.0  0.0000    -3.663  0.0E+00   0.00   1.50   0.00   0.00   1.57
  8  1.0 -1.0  0.0000    -3.663  0.0E+00   0.00  -1.50   0.00  -0.00   1.57
 30 -1.0 -1.0  0.0000    -3.273  0.0E+00   0.00  -0.28   0.78   2.56   3.40
 23 -1.0  1.0  0.0000    -2.109  0.0E+00   0.00  -0.85   1.80   0.66   3.11
 37 -1.0 -1.0  0.0000    -1.720  0.0E+00   0.00   1.70   0.27  -0.84   3.35
 24 -1.0  1.0  0.0000    -0.836  0.0E+00   0.00   2.50  -0.03  -0.00   3.50
 32 -1.0 -1.0  0.0000    -0.694  0.0E+00   0.00  -2.20   0.69   0.07   3.43
 29 -1.0 -1.0  0.0000    -0.601  0.0E+00   0.00  -0.36   0.22   0.63   1.62
 20 -1.0  1.0  0.0000    -0.598  0.0E+00   0.00  -0.78  -0.66  -1.16   2.69
 35 -1.0 -1.0  0.0000     0.360  0.0E+00   0.00   2.20   0.13   0.18   3.18
 15 -1.0  1.0  0.0000     0.685  0.0E+00   0.00  -0.65   0.72   0.35   1.97
 28 -1.0 -1.0  0.0000     0.823  0.0E+00   0.00   1.40   0.38  -0.25   2.05
 34 -1.0 -1.0  0.0000     0.908  0.0E+00   0.00  -0.60  -0.41  -0.46   2.32
 31 -1.0 -1.0  0.0000     0.909  0.0E+00   0.00  -0.48  -0.04   0.09   1.55
 21 -1.0  1.0  0.0000     0.916  0.0E+00   0.00   0.49   0.24  -0.35   1.67
 36 -1.0 -1.0  0.0000     1.017  0.0E+00   0.00   0.11   0.38   0.43   2.34
 18 -1.0  1.0  0.0000     1.040  0.0E+00   0.00   0.49  -0.50   0.50   2.22
 16 -1.0  1.0  0.0000     1.116  0.0E+00   0.00   0.29   0.43  -0.68   2.34
 19 -1.0  1.0  0.0000     1.226  0.0E+00   0.00  -3.15   0.33   0.09   3.51
 33 -1.0 -1.0  0.0000     2.881  0.0E+00   0.00   1.47  -0.04  -0.12   2.44
 17 -1.0  1.0  0.0000     2.881  0.0E+00   0.00  -1.47  -0.04   0.12   2.44
________________________________________________________________________________
   Proton  wavefunctions
  i    P   Rz   occ       E        d2h    Delta   JxT    JyT    Jz     J
--------------------- Sp wavefunctions -----------------------------------------
 54  1.0 -1.0  1.0000   -34.317  0.0E+00   0.00   0.50   0.50  -0.50   0.52
 47  1.0  1.0  1.0000   -34.317  0.0E+00   0.00  -0.50   0.50   0.50   0.52
 80 -1.0 -1.0  1.0000   -23.438  0.0E+00   0.00  -0.50   0.85   0.85   1.44
 67 -1.0  1.0  1.0000   -23.438  0.0E+00   0.00   0.50   0.85  -0.85   1.44
 66 -1.0  1.0  1.0000   -20.858  0.0E+00   0.00  -1.50   0.00   0.00   1.52
 79 -1.0 -1.0  1.0000   -20.858  0.0E+00   0.00   1.50   0.00  -0.00   1.52
 65 -1.0  1.0  0.9948   -16.371  0.0E+00   0.00   0.50  -0.35   0.35   0.67
 78 -1.0 -1.0  0.9948   -16.371  0.0E+00   0.00  -0.50  -0.35  -0.35   0.67
 46  1.0  1.0  0.9626   -12.116  0.0E+00   0.00  -0.50   1.30   1.30   2.29
 53  1.0 -1.0  0.9626   -12.116  0.0E+00   0.00   0.50   1.30  -1.30   2.29
 52  1.0 -1.0  0.8394   -10.455  0.0E+00   0.00  -1.50  -0.00   0.00   2.49
 45  1.0  1.0  0.8394   -10.455  0.0E+00   0.00   1.50  -0.00  -0.00   2.49
 44  1.0  1.0  0.1719    -8.025  0.0E+00   0.00  -2.50   0.00   0.00   2.52
 51  1.0 -1.0  0.1719    -8.025  0.0E+00   0.00   2.50   0.00  -0.00   2.52
 50  1.0 -1.0  0.0228    -5.717  0.0E+00   0.00   0.50   0.25  -0.25   1.29
 43  1.0  1.0  0.0228    -5.717  0.0E+00   0.00  -0.50   0.25   0.25   1.29
 49  1.0 -1.0  0.0075    -3.145  0.0E+00   0.00   0.50  -0.55   0.55   1.31
 42  1.0  1.0  0.0075    -3.145  0.0E+00   0.00  -0.50  -0.55  -0.55   1.31
 77 -1.0 -1.0  0.0005    -0.943  0.0E+00   0.00  -0.50   1.65   1.65   3.02
 64 -1.0  1.0  0.0005    -0.943  0.0E+00   0.00   0.50   1.65  -1.65   3.02
 48  1.0 -1.0  0.0005    -0.683  0.0E+00   0.00  -1.50   0.00  -0.00   1.57
 41  1.0  1.0  0.0005    -0.683  0.0E+00   0.00   1.50   0.00   0.00   1.57
 63 -1.0  1.0  0.0000     0.454  0.0E+00   0.00  -1.50  -0.00   0.00   3.32
 76 -1.0 -1.0  0.0000     0.454  0.0E+00   0.00   1.50  -0.00  -0.00   3.32
 75 -1.0 -1.0  0.0000     2.387  0.0E+00   0.00  -2.50   0.00   0.00   3.50
 62 -1.0  1.0  0.0000     2.387  0.0E+00   0.00   2.50   0.00  -0.00   3.50
 71 -1.0 -1.0  0.0000     2.665  0.0E+00   0.00  -0.57   0.11   0.09   1.84
 58 -1.0  1.0  0.0000     2.665  0.0E+00   0.00   0.57   0.11  -0.09   1.84
 72 -1.0 -1.0  0.0000     2.729  0.0E+00   0.00   1.48   0.01   0.03   2.28
 59 -1.0  1.0  0.0000     2.729  0.0E+00   0.00  -1.48   0.01  -0.03   2.28
 55 -1.0  1.0  0.0000     2.871  0.0E+00   0.00   0.54  -0.50   0.49   2.59
 68 -1.0 -1.0  0.0000     2.872  0.0E+00   0.00  -0.54  -0.50  -0.49   2.59
 61 -1.0  1.0  0.0000     2.969  0.0E+00   0.00   0.50   0.65  -0.65   1.93
 74 -1.0 -1.0  0.0000     2.969  0.0E+00   0.00  -0.50   0.65   0.65   1.93
 70 -1.0 -1.0  0.0000     3.267  0.0E+00   0.00  -0.50   0.49   0.48   2.37
 57 -1.0  1.0  0.0000     3.267  0.0E+00   0.00   0.50   0.49  -0.48   2.37
 69 -1.0 -1.0  0.0000     4.250  0.0E+00   0.00   0.09  -0.48  -0.51   3.44
 56 -1.0  1.0  0.0000     4.251  0.0E+00   0.00  -0.09  -0.48   0.51   3.44
 73 -1.0 -1.0  0.0000     4.667  0.0E+00   0.00   3.25  -0.00  -0.00   3.60
 60 -1.0  1.0  0.0000     4.667  0.0E+00   0.00  -3.25  -0.00   0.00   3.60
--------------------------------------------------------------------------------
---------------------------------Quasiparticles---------------------------------
Block 1:  P=+1  neutrons
  N      Eqp     f_n
________________________________________________________________________________
  1    -26.80    0.00E+00
  2     -7.62    0.00E+00
  3     -4.96    0.00E+00
  4     -4.41    0.00E+00
  5     -2.49    0.00E+00
  6     -2.03    0.00E+00
  7     -0.18    0.00E+00
  8    -26.80    0.00E+00
  9     -7.62    0.00E+00
 10     -4.96    0.00E+00
 11     -4.41    0.00E+00
 12     -2.49    0.00E+00
 13     -2.03    0.00E+00
 14     -0.18    1.00E+00
 15      0.18    0.00E+00
 16      2.03    1.00E+00
 17      2.49    1.00E+00
 18      4.41    1.00E+00
 19      4.96    1.00E+00
 20      7.62    1.00E+00
 21     26.80    1.00E+00
 22      0.18    1.00E+00
 23      2.03    1.00E+00
 24      2.49    1.00E+00
 25      4.41    1.00E+00
 26      4.96    1.00E+00
 27      7.62    1.00E+00
 28     26.80    1.00E+00

Block 3:  P=-1  neutrons
  N      Eqp     f_n
________________________________________________________________________________
  1    -15.81    0.00E+00
  2    -14.17    0.00E+00
  3    -13.01    0.00E+00
  4    -12.89    0.00E+00
  5    -12.80    0.00E+00
  6    -12.32    0.00E+00
  7    -12.20    0.00E+00
  8    -12.17    0.00E+00
  9    -11.05    0.00E+00
 10    -10.45    0.00E+00
 11     -8.37    0.00E+00
 12     -8.31    0.00E+00
 13     -6.82    0.00E+00
 14    -15.81    0.00E+00
 15    -14.17    0.00E+00
 16    -13.01    0.00E+00
 17    -12.89    0.00E+00
 18    -12.80    0.00E+00
 19    -12.32    0.00E+00
 20    -12.20    0.00E+00
 21    -12.17    0.00E+00
 22    -11.05    0.00E+00
 23    -10.45    0.00E+00
 24     -8.37    0.00E+00
 25     -8.31    0.00E+00
 26     -6.82    0.00E+00
 27      6.82    1.00E+00
 28      8.31    1.00E+00
 29      8.37    1.00E+00
 30     10.45    1.00E+00
 31     11.05    1.00E+00
 32     12.17    1.00E+00
 33     12.20    1.00E+00
 34     12.32    1.00E+00
 35     12.80    1.00E+00
 36     12.89    1.00E+00
 37     13.01    1.00E+00
 38     14.17    1.00E+00
 39     15.81    1.00E+00
 40      6.82    1.00E+00
 41      8.31    1.00E+00
 42      8.37    1.00E+00
 43     10.45    1.00E+00
 44     11.05    1.00E+00
 45     12.17    1.00E+00
 46     12.20    1.00E+00
 47     12.32    1.00E+00
 48     12.80    1.00E+00
 49     12.89    1.00E+00
 50     13.01    1.00E+00
 51     14.17    1.00E+00
 52     15.81    1.00E+00

Block 5:  P=+1   protons
  N      Eqp     f_n
________________________________________________________________________________
  1    -25.11    0.00E+00
  2     -8.54    0.00E+00
  3     -6.22    0.00E+00
  4     -3.63    0.00E+00
  5     -3.11    0.00E+00
  6     -1.83    0.00E+00
  7     -1.81    0.00E+00
  8    -25.11    0.00E+00
  9     -8.54    0.00E+00
 10     -6.22    0.00E+00
 11     -3.63    0.00E+00
 12     -3.11    0.00E+00
 13     -1.83    0.00E+00
 14     -1.81    0.00E+00
 15      1.81    1.00E+00
 16      1.83    1.00E+00
 17      3.11    1.00E+00
 18      3.63    1.00E+00
 19      6.22    1.00E+00
 20      8.54    1.00E+00
 21     25.11    1.00E+00
 22      1.81    1.00E+00
 23      1.83    1.00E+00
 24      3.11    1.00E+00
 25      3.63    1.00E+00
 26      6.22    1.00E+00
 27      8.54    1.00E+00
 28     25.11    1.00E+00

Block 7:  P=-1   protons
  N      Eqp     f_n
________________________________________________________________________________
  1    -14.25    0.00E+00
  2    -14.23    0.00E+00
  3    -13.88    0.00E+00
  4    -12.97    0.00E+00
  5    -11.88    0.00E+00
  6    -11.87    0.00E+00
  7    -11.69    0.00E+00
  8    -11.65    0.00E+00
  9    -11.61    0.00E+00
 10    -11.35    0.00E+00
 11     -9.66    0.00E+00
 12     -8.27    0.00E+00
 13     -7.23    0.00E+00
 14    -14.25    0.00E+00
 15    -14.23    0.00E+00
 16    -13.88    0.00E+00
 17    -12.97    0.00E+00
 18    -11.88    0.00E+00
 19    -11.87    0.00E+00
 20    -11.69    0.00E+00
 21    -11.65    0.00E+00
 22    -11.61    0.00E+00
 23    -11.35    0.00E+00
 24     -9.66    0.00E+00
 25     -8.27    0.00E+00
 26     -7.23    0.00E+00
 27      7.23    1.00E+00
 28      8.27    1.00E+00
 29      9.66    1.00E+00
 30     11.35    1.00E+00
 31     11.61    1.00E+00
 32     11.65    1.00E+00
 33     11.69    1.00E+00
 34     11.87    1.00E+00
 35     11.88    1.00E+00
 36     12.97    1.00E+00
 37     13.88    1.00E+00
 38     14.23    1.00E+00
 39     14.25    1.00E+00
 40      7.23    1.00E+00
 41      8.27    1.00E+00
 42      9.66    1.00E+00
 43     11.35    1.00E+00
 44     11.61    1.00E+00
 45     11.65    1.00E+00
 46     11.69    1.00E+00
 47     11.87    1.00E+00
 48     11.88    1.00E+00
 49     12.97    1.00E+00
 50     13.88    1.00E+00
 51     14.23    1.00E+00
 52     14.25    1.00E+00

--------------------------------------------------------------------------------
---------------- Electric Multipole Moments -----------------
Quantisation Axis             : Z
  With secondary axis ordering: X,Y
______________________________________________________________
                     Neutrons        Protons         Total
______________________________________________________________
 Particles           13.0000         12.0000         25.0000

Re  Q_{ 2 0}         -6.3616         -6.3229        -12.6845
Re  Q_{ 2 2}          7.7933          7.7456         15.5388

Re  Q_{ 4 0}         10.4104         11.1134         21.5237
Re  Q_{ 4 2}        -11.6259        -12.2780        -23.9039
Re  Q_{ 4 4}         15.0195         15.9328         30.9523

Re  Q_{ 6 0}        -11.0875        -14.0572        -25.1446
Re  Q_{ 6 2}         10.8035         13.6745         24.4780
Re  Q_{ 6 4}        -10.8204        -13.6523        -24.4727
Re  Q_{ 6 6}         16.0658         20.3263         36.3920

Re  Q_{ 8 0}         45.7426         33.6545         79.3971
Re  Q_{ 8 2}         30.8501         35.3189         66.1690
Re  Q_{ 8 4}        -27.8088        -29.7646        -57.5734
Re  Q_{ 8 6}         73.0897         69.6649        142.7546
Re  Q_{ 8 8}        -16.8468        -25.7340        -42.5808

Re  Q_{10 0}       2521.3013       3404.1828       5925.4841
Re  Q_{10 2}       -561.8571       -580.7885      -1142.6456
Re  Q_{10 4}      -1243.7877      -2141.8439      -3385.6316
Re  Q_{10 6}      -1167.0806      -1016.9570      -2184.0375
Re  Q_{10 8}      -1097.2357      -2284.0506      -3381.2864
Re  Q_{1010}      -1100.8982      -1087.9700      -2188.8681

 RMS radius           2.9888          3.0251          3.0063
______________________________________________________________
                     Neutrons        Protons         Total
______________________________________________________________

Beta_{ 2 0}      -0.08657536     -0.08604831     -0.17262367
Beta_{ 2 2}       0.10605877      0.10540930      0.21146807

Beta_{ 4 0}       0.01150721      0.01228426      0.02379147
Beta_{ 4 2}      -0.01285080     -0.01357163     -0.02642243
Beta_{ 4 4}       0.01660198      0.01761145      0.03421343

Beta_{ 6 0}      -0.00099544     -0.00126206     -0.00225749
Beta_{ 6 2}       0.00096994      0.00122770      0.00219764
Beta_{ 6 4}      -0.00097146     -0.00122571     -0.00219717
Beta_{ 6 6}       0.00144239      0.00182490      0.00326729

Beta_{ 8 0}       0.00033356      0.00024542      0.00057898
Beta_{ 8 2}       0.00022497      0.00025755      0.00048252
Beta_{ 8 4}      -0.00020279     -0.00021705     -0.00041984
Beta_{ 8 6}       0.00053298      0.00050801      0.00104100
Beta_{ 8 8}      -0.00012285     -0.00018766     -0.00031051

Beta_{10 0}       0.00149335      0.00201627      0.00350962
Beta_{10 2}      -0.00033278     -0.00034400     -0.00067678
Beta_{10 4}      -0.00073669     -0.00126860     -0.00200528
Beta_{10 6}      -0.00069125     -0.00060234     -0.00129359
Beta_{10 8}      -0.00064988     -0.00135283     -0.00200271
Beta_{1010}      -0.00065205     -0.00064440     -0.00129645

______________________________________________________________
                     Neutrons        Protons         Total
______________________________________________________________
Q_{ 2}               12.7256         12.6478         25.3734
Q_{ 4}               28.8075         30.5404         59.3478
Q_{ 6}               33.2678         42.0793         75.3471
Q_{ 8}              129.5930        128.1804        257.0486
Q_{10}             4199.7980       6025.5801      10130.9508
______________________________________________________________
                     Neutrons        Protons         Total
______________________________________________________________
Beta_{   2}       0.17318261      0.17212366      0.34530627
Beta_{   4}       0.03184263      0.03375808      0.06560062
Beta_{   6}       0.00298679      0.00377790      0.00676468
Beta_{   8}       0.00094502      0.00093472      0.00187445
Beta_{  10}       0.00248751      0.00356890      0.00600048
______________________________________________________________
 Cart. Moments X              Y              Z
 Cart. N       40.3485660    -20.1779986    -20.1705674
 Cart. P       40.1018493    -20.0540739    -20.0477754
 Cart. T       80.4504153    -40.2320724    -40.2183428
 (Q, gamma)    Q              Gamma
 (Q,g) N       40.3485662    119.9939076
 (Q,g) P       40.1018495    119.9948045
 (Q,g) T       80.4504157    119.9943546
 (iq1, iq2)    iq1            iq2
 iq    N      -40.3460889     40.3510430
 iq    P      -40.0997498     40.1039488
 iq    T      -80.4458387     80.4549918
               X^2            Y^2            Z^2
 X^2_i N       52.1590532     31.9835317     31.9860088
 X^2_i P       48.8596234     28.8076490     28.8097484
 X^2_i T      101.0186766     60.7911807     60.7957572
------------------------------------------------------------
------------------------- Angular Momentum (hbar) --------------------------

               Spwfs(*)    Desired     Omega       E (MeV)      Densit. 
  __________________________________________________________________________
   J_x   |     0.00000     0.00000     0.00000    -0.00000     0.00000
   J_y   |     0.00000     0.00000     0.00000    -0.00000     0.00000
   J_z   |     0.00189     0.00000     0.00000    -0.00000     0.00189
  __________________________________________________________________________
   Size  |     0.00189     0.00000     0.00000                 0.00189
  --------------------------------------------------------------------------
---------------------Rotational properties--------------------
                Rigid rotor          (hbar^2/MeV)
              n              p              t 
 I_R X       1.5425112      1.3893406      2.9318519
 I_R Y       2.0290079      1.8728582      3.9018661
 I_R Z       2.0289482      1.8728076      3.9017557

                Belyaev                 (hbar^2/MeV) 
              n              p              t 
 I_B X       0.0000299      0.0000198      0.0000497
 I_B Y       1.3668640      0.9423946      2.3092586
 I_B Z       1.3669650      0.9424777      2.3094426

                Belyaev (collective)    (hbar^2/MeV) 
              n              p              t 
 I_B X       0.0000000      0.0000198      0.0000198
 I_B Y       0.4479723      0.9423946      1.3903668
 I_B Z       0.4482788      0.9424777      1.3907564

                 <J^2> - <J>^2          (hbar^2)
              n              p              t 
 J2_X        6.2496381      0.0000385      6.2496766
 J2_Y        2.5096546      2.1428322      4.6524868
 J2_Z        2.5101551      2.1432474      4.6534025
 J2_t       11.2694477      4.2861181     15.5555658

                 <J^2> - <J>^2 (coll.)  (hbar^2)
              n              p              t 
 J2_X        0.0000000      0.0000385      0.0000385
 J2_Y        1.2652086      2.1428322      3.4080408
 J2_Z        1.2659899      2.1432474      3.4092374
 J2_t        2.5311985      4.2861181      6.8173167
-------------------------- Pairing -------------------------
                          N         P 
 Fermi Level (MeV)    -11.28518867    -9.21144105
 Particles             13.00000000    11.99999999
 Dispersion             0.00000000     0.69832338
 Average gap   v^2      0.00000000     0.59998980
 Average gap   uv              NaN     1.22229241

 HFB convergence:   (N,+)    (N,-)    (P,+)    (P,-)
  r^2-r+k*k^T    =  2.07E-15 2.96E-15 3.60E-15 2.43E-15
  r*k-k*r        =  4.81E-16 6.31E-16 9.43E-16 1.09E-15
 overlap rho,kap =  1.00E+00 1.00E+00
------------------------------------------------------------
--------------------------------------------------------------------------------
 Skyrme Energy 
                                    Isoscalar      Isovector   |   Total
--------------------------------------------------------------------------------
                 E_D_I_I_D_I_I   -1776.249189       1.100746   -1775.148443
               E_D_I_I_D_Nm_Nm      41.647782      -0.080869      41.566913
               E_D_I_Sm_D_I_Sm       0.000000       0.000000       0.000000
             E_D_I_I_Lap_D_I_I      73.295062       0.011681      73.306743
              E_D_I_I_D_I_I_DD    1030.858252      -0.545824    1030.312429
           E_C_I_NmSk_C_I_NmSk       0.000000       0.000000       0.000000
               E_C_I_Nm_C_I_Nm       0.000000       0.000000       0.000000
       E_D_I_I_Derm_C_I_NxmSxm     -26.080822      -0.022811     -26.103633
               E_DP_I_I_DP_I_I                                    -1.582525
--------------------------------------------------------------------------------
                 Total Skyrme:                                  -657.648516
                    time-even:                                  -657.648516
                    time-odd :                                     0.000000
--------------------------------------------------------------------------------
--------------------------------------------------------------------------------
                                     neutron        proton         total
                Kinetic Energy:     229.605457     203.393875     432.999332
                    COM 1-body:      -9.184218      -8.135755     -17.319973
                    COM 2-body:       4.077188       3.486816       7.564005
                            ph:       4.077188       3.468032       7.545221
                            pp:       0.000000       0.018784       0.018784
                  Rotational X:                                    -0.000090
                  Rotational Y:                                    -1.139797
                  Rotational Z:                                    -1.139878

                Coulomb Direct:       0.000000      32.921140      32.921140
                      Exchange:       0.000000       0.000000       0.000000

               Pairing (delta):      -0.000000      -1.582525      -1.582525
               Pairing (densi):                                    -1.582525
--------------------------------------------------------------------------------
                  Total energy:                                  -203.763779
                    from spwfs:                                  -203.763779
                   E_fu - E_sp:                                -0.552065E-07
                   (no corr.) :                                  -201.484013
                      Routhian:                                  -203.763779
--------------------------------------------------------------------------------
--------------------------------------------------------------------------------
Convergence report
                        Change^(i)     Change^(i-1)   rate (approx)
  Con.  Energy      :       8.82E-10       1.19E-09       1.95E-01
  Con.  Routhian    :       8.82E-10       1.19E-09       1.95E-01
  Con.  E_fu - E_sp :      -2.63E-10       2.50E-10      -1.75E-01
  Con.  |delta rho| :       2.64E-08       0.00E+00       1.92E-01
--------------------------------------------------------------------------------
----------------------------------
| Convergence criteria satisfied.|
| Needed    6 iterations.        |
| dE <  0.100E-10                | 
| dQ <  0.100E-04                | 
| dH <  0.100E-04                | 
| Ending the iterative proces.   |
----------------------------------
id Timer name                                # of calls      time (s)  % total
__ ________________________________________  __________  ____________  _______
   TOTAL                                              -        2.1193  100.00%
 1 Tantalus                                           1        2.1193  100.00%
     (internal)                                       -        0.2101    9.91%
 2   HF-basis Derivatives                             7        0.2881   13.59%
 4   Spwf evolution                                   6        0.6924   32.67%
       (internal)                                     -        0.0249    1.17%
 5     Orthonormalization                             6        0.0397    1.87%
13     Sp. Hamiltonian                              548        0.6279   29.63%
 6   Density calculations                             8        0.4402   20.77%
       (internal)                                     -        0.0014    0.06%
 3     Canonical basis Derivatives                    8        0.3134   14.79%
 7     Density: pp                                    8        0.0144    0.68%
 8     Density: ph                                    8        0.0601    2.84%
 9     Density: derivatives                           8        0.0131    0.62%
15     Can. basis construction                        8        0.0379    1.79%
10   Field calculations                               8        0.0567    2.68%
       (internal)                                     -        0.0168    0.79%
14     Coulomb solver                                 8        0.0399    1.88%
11   Energy calculations                              7        0.3819   18.02%
       (internal)                                     -        0.0826    3.90%
16     Moments of inertia                             7        0.2993   14.12%
12   Pairing solver                                   8        0.0498    2.35%
__ ________________________________________  __________  ____________  _______
